Component: ARM Compiler 5.05 update 1 (build 106) Tool: armlink [4d0efa]

==============================================================================

Section Cross References

    startup_stm32g474xx.o(STACK) refers (Special) to heapauxi.o(.text) for __use_two_region_memory
    startup_stm32g474xx.o(HEAP) refers (Special) to heapauxi.o(.text) for __use_two_region_memory
    startup_stm32g474xx.o(RESET) refers (Special) to heapauxi.o(.text) for __use_two_region_memory
    startup_stm32g474xx.o(RESET) refers to startup_stm32g474xx.o(STACK) for __initial_sp
    startup_stm32g474xx.o(RESET) refers to startup_stm32g474xx.o(.text) for Reset_Handler
    startup_stm32g474xx.o(RESET) refers to stm32g4xx_it.o(i.NMI_Handler) for NMI_Handler
    startup_stm32g474xx.o(RESET) refers to stm32g4xx_it.o(i.HardFault_Handler) for HardFault_Handler
    startup_stm32g474xx.o(RESET) refers to stm32g4xx_it.o(i.MemManage_Handler) for MemManage_Handler
    startup_stm32g474xx.o(RESET) refers to stm32g4xx_it.o(i.BusFault_Handler) for BusFault_Handler
    startup_stm32g474xx.o(RESET) refers to stm32g4xx_it.o(i.UsageFault_Handler) for UsageFault_Handler
    startup_stm32g474xx.o(RESET) refers to stm32g4xx_it.o(i.SVC_Handler) for SVC_Handler
    startup_stm32g474xx.o(RESET) refers to stm32g4xx_it.o(i.DebugMon_Handler) for DebugMon_Handler
    startup_stm32g474xx.o(RESET) refers to stm32g4xx_it.o(i.PendSV_Handler) for PendSV_Handler
    startup_stm32g474xx.o(RESET) refers to stm32g4xx_it.o(i.SysTick_Handler) for SysTick_Handler
    startup_stm32g474xx.o(RESET) refers to stm32g4xx_it.o(i.USART1_IRQHandler) for USART1_IRQHandler
    startup_stm32g474xx.o(.text) refers (Special) to heapauxi.o(.text) for __use_two_region_memory
    startup_stm32g474xx.o(.text) refers to system_stm32g4xx.o(i.SystemInit) for SystemInit
    startup_stm32g474xx.o(.text) refers to __main.o(!!!main) for __main
    startup_stm32g474xx.o(.text) refers to startup_stm32g474xx.o(HEAP) for Heap_Mem
    startup_stm32g474xx.o(.text) refers to startup_stm32g474xx.o(STACK) for Stack_Mem
    main.o(i.SystemClock_Config) refers to rt_memclr_w.o(.text) for __aeabi_memclr4
    main.o(i.SystemClock_Config) refers to stm32g4xx_hal_pwr_ex.o(i.HAL_PWREx_ControlVoltageScaling) for HAL_PWREx_ControlVoltageScaling
    main.o(i.SystemClock_Config) refers to stm32g4xx_hal_rcc.o(i.HAL_RCC_OscConfig) for HAL_RCC_OscConfig
    main.o(i.SystemClock_Config) refers to stm32g4xx_hal_rcc.o(i.HAL_RCC_ClockConfig) for HAL_RCC_ClockConfig
    main.o(i.main) refers to stm32g4xx_hal.o(i.HAL_Init) for HAL_Init
    main.o(i.main) refers to main.o(i.SystemClock_Config) for SystemClock_Config
    main.o(i.main) refers to gpio.o(i.MX_GPIO_Init) for MX_GPIO_Init
    main.o(i.main) refers to usart.o(i.MX_USART1_UART_Init) for MX_USART1_UART_Init
    main.o(i.main) refers to delay.o(i.delay_init) for delay_init
    main.o(i.main) refers to myusart1.o(i.MyUSART1_Init) for MyUSART1_Init
    main.o(i.main) refers to oled_i2c.o(i.OLED_Init) for OLED_Init
    main.o(i.main) refers to oled_i2c.o(i.OLED_CLS) for OLED_CLS
    main.o(i.main) refers to pe4302.o(i.PE4302_Init) for PE4302_Init
    main.o(i.main) refers to pe4302.o(i.PE4302_Set) for PE4302_Set
    main.o(i.main) refers to delay.o(i.delay_ms) for delay_ms
    main.o(i.main) refers to usart.o(.bss) for huart1
    gpio.o(i.MX_GPIO_Init) refers to rt_memclr_w.o(.text) for __aeabi_memclr4
    gpio.o(i.MX_GPIO_Init) refers to stm32g4xx_hal_gpio.o(i.HAL_GPIO_WritePin) for HAL_GPIO_WritePin
    gpio.o(i.MX_GPIO_Init) refers to stm32g4xx_hal_gpio.o(i.HAL_GPIO_Init) for HAL_GPIO_Init
    usart.o(i.HAL_UART_MspDeInit) refers to stm32g4xx_hal_gpio.o(i.HAL_GPIO_DeInit) for HAL_GPIO_DeInit
    usart.o(i.HAL_UART_MspDeInit) refers to stm32g4xx_hal_cortex.o(i.HAL_NVIC_DisableIRQ) for HAL_NVIC_DisableIRQ
    usart.o(i.HAL_UART_MspInit) refers to rt_memclr_w.o(.text) for __aeabi_memclr4
    usart.o(i.HAL_UART_MspInit) refers to stm32g4xx_hal_rcc_ex.o(i.HAL_RCCEx_PeriphCLKConfig) for HAL_RCCEx_PeriphCLKConfig
    usart.o(i.HAL_UART_MspInit) refers to main.o(i.Error_Handler) for Error_Handler
    usart.o(i.HAL_UART_MspInit) refers to stm32g4xx_hal_gpio.o(i.HAL_GPIO_Init) for HAL_GPIO_Init
    usart.o(i.HAL_UART_MspInit) refers to stm32g4xx_hal_cortex.o(i.HAL_NVIC_SetPriority) for HAL_NVIC_SetPriority
    usart.o(i.HAL_UART_MspInit) refers to stm32g4xx_hal_cortex.o(i.HAL_NVIC_EnableIRQ) for HAL_NVIC_EnableIRQ
    usart.o(i.MX_USART1_UART_Init) refers to stm32g4xx_hal_uart.o(i.HAL_UART_Init) for HAL_UART_Init
    usart.o(i.MX_USART1_UART_Init) refers to main.o(i.Error_Handler) for Error_Handler
    usart.o(i.MX_USART1_UART_Init) refers to stm32g4xx_hal_uart_ex.o(i.HAL_UARTEx_SetTxFifoThreshold) for HAL_UARTEx_SetTxFifoThreshold
    usart.o(i.MX_USART1_UART_Init) refers to stm32g4xx_hal_uart_ex.o(i.HAL_UARTEx_SetRxFifoThreshold) for HAL_UARTEx_SetRxFifoThreshold
[...]

==============================================================================

Image Symbol Table

    Local Symbols

    Symbol Name                              Value     Ov Type        Size  Object(Section)

    ../Core/Src/gpio.c                       0x00000000   Number         0  gpio.o ABSOLUTE
    ../Core/Src/main.c                       0x00000000   Number         0  main.o ABSOLUTE
    ../Core/Src/stm32g4xx_hal_msp.c          0x00000000   Number         0  stm32g4xx_hal_msp.o ABSOLUTE
    ../Core/Src/stm32g4xx_it.c               0x00000000   Number         0  stm32g4xx_it.o ABSOLUTE
    ../Core/Src/system_stm32g4xx.c           0x00000000   Number         0  system_stm32g4xx.o ABSOLUTE
    ../Core/Src/usart.c                      0x00000000   Number         0  usart.o ABSOLUTE
    ../Drivers/STM32G4xx_HAL_Driver/Src/stm32g4xx_hal.c 0x00000000   Number         0  stm32g4xx_hal.o ABSOLUTE
    ../Drivers/STM32G4xx_HAL_Driver/Src/stm32g4xx_hal_cortex.c 0x00000000   Number         0  stm32g4xx_hal_cortex.o ABSOLUTE
    ../Drivers/STM32G4xx_HAL_Driver/Src/stm32g4xx_hal_dma.c 0x00000000   Number         0  stm32g4xx_hal_dma.o ABSOLUTE
    ../Drivers/STM32G4xx_HAL_Driver/Src/stm32g4xx_hal_dma_ex.c 0x00000000   Number         0  stm32g4xx_hal_dma_ex.o ABSOLUTE
    ../Drivers/STM32G4xx_HAL_Driver/Src/stm32g4xx_hal_exti.c 0x00000000   Number         0  stm32g4xx_hal_exti.o ABSOLUTE
    ../Drivers/STM32G4xx_HAL_Driver/Src/stm32g4xx_hal_flash.c 0x00000000   Number         0  stm32g4xx_hal_flash.o ABSOLUTE
    ../Drivers/STM32G4xx_HAL_Driver/Src/stm32g4xx_hal_flash_ex.c 0x00000000   Number         0  stm32g4xx_hal_flash_ex.o ABSOLUTE
    ../Drivers/STM32G4xx_HAL_Driver/Src/stm32g4xx_hal_flash_ramfunc.c 0x00000000   Number         0  stm32g4xx_hal_flash_ramfunc.o ABSOLUTE
    ../Drivers/STM32G4xx_HAL_Driver/Src/stm32g4xx_hal_gpio.c 0x00000000   Number         0  stm32g4xx_hal_gpio.o ABSOLUTE
    ../Drivers/STM32G4xx_HAL_Driver/Src/stm32g4xx_hal_pwr.c 0x00000000   Number         0  stm32g4xx_hal_pwr.o ABSOLUTE
    ../Drivers/STM32G4xx_HAL_Driver/Src/stm32g4xx_hal_pwr_ex.c 0x00000000   Number         0  stm32g4xx_hal_pwr_ex.o ABSOLUTE
    ../Drivers/STM32G4xx_HAL_Driver/Src/stm32g4xx_hal_rcc.c 0x00000000   Number         0  stm32g4xx_hal_rcc.o ABSOLUTE
    ../Drivers/STM32G4xx_HAL_Driver/Src/stm32g4xx_hal_rcc_ex.c 0x00000000   Number         0  stm32g4xx_hal_rcc_ex.o ABSOLUTE
    ../Drivers/STM32G4xx_HAL_Driver/Src/stm32g4xx_hal_tim.c 0x00000000   Number         0  stm32g4xx_hal_tim.o ABSOLUTE
    ../Drivers/STM32G4xx_HAL_Driver/Src/stm32g4xx_hal_tim_ex.c 0x00000000   Number         0  stm32g4xx_hal_tim_ex.o ABSOLUTE
    ../Drivers/STM32G4xx_HAL_Driver/Src/stm32g4xx_hal_uart.c 0x00000000   Number         0  stm32g4xx_hal_uart.o ABSOLUTE
    ../Drivers/STM32G4xx_HAL_Driver/Src/stm32g4xx_hal_uart_ex.c 0x00000000   Number         0  stm32g4xx_hal_uart_ex.o ABSOLUTE
    ../clib/angel/boardlib.s                 0x00000000   Number         0  boardinit3.o ABSOLUTE
    ../clib/angel/boardlib.s                 0x00000000   Number         0  boardinit2.o ABSOLUTE
    ../clib/angel/boardlib.s                 0x00000000   Number         0  boardshut.o ABSOLUTE
    ../clib/angel/boardlib.s                 0x00000000   Number         0  boardinit1.o ABSOLUTE
    ../clib/angel/dczerorl2.s                0x00000000   Number         0  __dczerorl2.o ABSOLUTE
    ../clib/angel/handlers.s                 0x00000000   Number         0  __scatter_zi.o ABSOLUTE
    ../clib/angel/kernel.s                   0x00000000   Number         0  __rtentry2.o ABSOLUTE
    ../clib/angel/kernel.s                   0x00000000   Number         0  __rtentry4.o ABSOLUTE
    ../clib/angel/kernel.s                   0x00000000   Number         0  __rtentry.o ABSOLUTE
    ../clib/angel/kernel.s                   0x00000000   Number         0  rtexit.o ABSOLUTE
    ../clib/angel/kernel.s                   0x00000000   Number         0  rtexit2.o ABSOLUTE
    ../clib/angel/rt.s                       0x00000000   Number         0  rt_div0.o ABSOLUTE
    ../clib/angel/rt.s                       0x00000000   Number         0  rt_locale.o ABSOLUTE
    ../clib/angel/rt.s                       0x00000000   Number         0  rt_locale_intlibspace.o ABSOLUTE
    ../clib/angel/rt.s                       0x00000000   Number         0  aeabi_ldiv0_sigfpe.o ABSOLUTE
    ../clib/angel/rt.s                       0x00000000   Number         0  rt_raise.o ABSOLUTE
    ../clib/angel/rt.s                       0x00000000   Number         0  aeabi_ldiv0.o ABSOLUTE
    ../clib/angel/scatter.s                  0x00000000   Number         0  __scatter.o ABSOLUTE
    ../clib/angel/startup.s                  0x00000000   Number         0  __main.o ABSOLUTE
    ../clib/angel/sys.s                      0x00000000   Number         0  indicate_semi.o ABSOLUTE
    ../clib/angel/sys.s                      0x00000000   Number         0  use_no_semi.o ABSOLUTE
    ../clib/angel/sys.s                      0x00000000   Number         0  sys_stackheap_outer.o ABSOLUTE
    ../clib/angel/sys.s                      0x00000000   Number         0  libspace.o ABSOLUTE
    ../clib/angel/sysapp.c                   0x00000000   Number         0  sys_wrch.o ABSOLUTE
    ../clib/angel/sysapp.c                   0x00000000   Number         0  sys_exit.o ABSOLUTE
    ../clib/angel/sysapp.c                   0x00000000   Number         0  sys_command.o ABSOLUTE
    ../clib/armsys.c                         0x00000000   Number         0  _get_argv_nomalloc.o ABSOLUTE
    ../clib/armsys.c                         0x00000000   Number         0  argv_veneer.o ABSOLUTE
    ../clib/armsys.c                         0x00000000   Number         0  argv_veneer.o ABSOLUTE
    ../clib/armsys.c                         0x00000000   Number         0  no_argv.o ABSOLUTE
    ../clib/bigflt.c                         0x00000000   Number         0  bigflt0.o ABSOLUTE
    ../clib/btod.s                           0x00000000   Number         0  btod.o ABSOLUTE
    ../clib/heapalloc.c                      0x00000000   Number         0  hrguard.o ABSOLUTE
    ../clib/heapaux.c                        0x00000000   Number         0  heapauxi.o ABSOLUTE
    ../clib/libinit.s                        0x00000000   Number         0  libshutdown2.o ABSOLUTE
    ../clib/libinit.s                        0x00000000   Number         0  libshutdown.o ABSOLUTE
    ../clib/libinit.s                        0x00000000   Number         0  libinit.o ABSOLUTE
    ../clib/libinit.s                        0x00000000   Number         0  libinit2.o ABSOLUTE
    ../clib/locale.s                         0x00000000   Number         0  lc_numeric_c.o ABSOLUTE
    ../clib/longlong.s                       0x00000000   Number         0  lludiv10.o ABSOLUTE
    ../clib/longlong.s                       0x00000000   Number         0  lludivv7m.o ABSOLUTE
    ../clib/memcpset.s                       0x00000000   Number         0  strcmpv7m.o ABSOLUTE
    ../clib/memcpset.s                       0x00000000   Number         0  rt_memclr_w.o ABSOLUTE
    ../clib/misc.s                           0x00000000   Number         0  printf_stubs.o ABSOLUTE
    ../clib/printf.c                         0x00000000   Number         0  noretval__2sprintf.o ABSOLUTE
    ../clib/printf.c                         0x00000000   Number         0  __printf.o ABSOLUTE
    ../clib/printf.c                         0x00000000   Number         0  __printf_nopercent.o ABSOLUTE
    ../clib/printf.c                         0x00000000   Number         0  __2sprintf.o ABSOLUTE
    ../clib/printf.c                         0x00000000   Number         0  __printf_ss.o ABSOLUTE
    ../clib/printf.c                         0x00000000   Number         0  __printf_flags_ss.o ABSOLUTE
    ../clib/printf.c                         0x00000000   Number         0  __printf_wp.o ABSOLUTE
    ../clib/printf.c                         0x00000000   Number         0  __printf_flags_wp.o ABSOLUTE
    ../clib/printf.c                         0x00000000   Number         0  _sputc.o ABSOLUTE
    ../clib/printf.c                         0x00000000   Number         0  _printf_char_common.o ABSOLUTE
    ../clib/printf.c                         0x00000000   Number         0  _printf_fp_dec.o ABSOLUTE
    ../clib/printf.c                         0x00000000   Number         0  _printf_fp_infnan.o ABSOLUTE
    ../clib/printf.c                         0x00000000   Number         0  __printf_flags.o ABSOLUTE
    ../clib/printf.c                         0x00000000   Number         0  __printf_ss_wp.o ABSOLUTE
    ../clib/printf.c                         0x00000000   Number         0  __printf_flags_ss_wp.o ABSOLUTE
    ../clib/printf_percent.s                 0x00000000   Number         0  _printf_percent_end.o ABSOLUTE
    ../clib/printf_percent.s                 0x00000000   Number         0  _printf_percent.o ABSOLUTE
    ../clib/printf_percent.s                 0x00000000   Number         0  _printf_f.o ABSOLUTE
    ../clib/signal.c                         0x00000000   Number         0  defsig_other.o ABSOLUTE
    ../clib/signal.c                         0x00000000   Number         0  defsig_fpe_formal.o ABSOLUTE
    ../clib/signal.c                         0x00000000   Number         0  defsig_fpe_outer.o ABSOLUTE
    ../clib/signal.c                         0x00000000   Number         0  defsig_exit.o ABSOLUTE
    ../clib/signal.c                         0x00000000   Number         0  defsig_fpe_inner.o ABSOLUTE
    ../clib/signal.c                         0x00000000   Number         0  __raise.o ABSOLUTE
    ../clib/signal.c                         0x00000000   Number         0  defsig_general.o ABSOLUTE
    ../clib/signal.c                         0x00000000   Number         0  defsig_rtmem_outer.o ABSOLUTE
    ../clib/signal.c                         0x00000000   Number         0  defsig_rtmem_formal.o ABSOLUTE
    ../clib/signal.c                         0x00000000   Number         0  defsig_abrt_inner.o ABSOLUTE
    ../clib/signal.c                         0x00000000   Number         0  defsig_rtred_inner.o ABSOLUTE
    ../clib/signal.c                         0x00000000   Number         0  defsig_rtmem_inner.o ABSOLUTE
    ../clib/signal.c                         0x00000000   Number         0  defsig_stak_inner.o ABSOLUTE
    ../clib/signal.c                         0x00000000   Number         0  defsig_pvfn_inner.o ABSOLUTE
    ../clib/signal.c                         0x00000000   Number         0  defsig_cppl_inner.o ABSOLUTE
    ../clib/signal.c                         0x00000000   Number         0  defsig_segv_inner.o ABSOLUTE
    ../clib/signal.s                         0x00000000   Number         0  defsig.o ABSOLUTE
    ../clib/stdlib.c                         0x00000000   Number         0  exit.o ABSOLUTE
    ../clib/string.c                         0x00000000   Number         0  strlen.o ABSOLUTE
    ../fplib/d2f.s                           0x00000000   Number         0  d2f.o ABSOLUTE
    ../fplib/daddsub.s                       0x00000000   Number         0  daddsub_clz.o ABSOLUTE
    ../fplib/dfixu.s                         0x00000000   Number         0  dfixu.o ABSOLUTE
    ../fplib/dnaninf.s                       0x00000000   Number         0  dnaninf.o ABSOLUTE
    ../fplib/dretinf.s                       0x00000000   Number         0  dretinf.o ABSOLUTE
    ../fplib/f2d.s                           0x00000000   Number         0  f2d.o ABSOLUTE
    ../fplib/fnaninf.s                       0x00000000   Number         0  fnaninf.o ABSOLUTE
    ../fplib/fpinit.s                        0x00000000   Number         0  fpinit.o ABSOLUTE
    ../fplib/fretinf.s                       0x00000000   Number         0  fretinf.o ABSOLUTE
    ../fplib/istatus.s                       0x00000000   Number         0  istatus.o ABSOLUTE
    ../fplib/printf1.s                       0x00000000   Number         0  printf1.o ABSOLUTE
    ../fplib/usenofp.s                       0x00000000   Number         0  usenofp.o ABSOLUTE
    ../mathlib/fpclassify.c                  0x00000000   Number         0  fpclassify.o ABSOLUTE
    ..\Core\Src\gpio.c                       0x00000000   Number         0  gpio.o ABSOLUTE
    ..\Core\Src\main.c                       0x00000000   Number         0  main.o ABSOLUTE
    ..\Core\Src\stm32g4xx_hal_msp.c          0x00000000   Number         0  stm32g4xx_hal_msp.o ABSOLUTE
    ..\Core\Src\stm32g4xx_it.c               0x00000000   Number         0  stm32g4xx_it.o ABSOLUTE
    ..\Core\Src\system_stm32g4xx.c           0x00000000   Number         0  system_stm32g4xx.o ABSOLUTE
    ..\Core\Src\usart.c                      0x00000000   Number         0  usart.o ABSOLUTE
    ..\Drivers\STM32G4xx_HAL_Driver\Src\stm32g4xx_hal.c 0x00000000   Number         0  stm32g4xx_hal.o ABSOLUTE
    ..\Drivers\STM32G4xx_HAL_Driver\Src\stm32g4xx_hal_cortex.c 0x00000000   Number         0  stm32g4xx_hal_cortex.o ABSOLUTE
    ..\Drivers\STM32G4xx_HAL_Driver\Src\stm32g4xx_hal_dma.c 0x00000000   Number         0  stm32g4xx_hal_dma.o ABSOLUTE
    ..\Drivers\STM32G4xx_HAL_Driver\Src\stm32g4xx_hal_dma_ex.c 0x00000000   Number         0  stm32g4xx_hal_dma_ex.o ABSOLUTE
    ..\Drivers\STM32G4xx_HAL_Driver\Src\stm32g4xx_hal_exti.c 0x00000000   Number         0  stm32g4xx_hal_exti.o ABSOLUTE
    ..\Drivers\STM32G4xx_HAL_Driver\Src\stm32g4xx_hal_flash.c 0x00000000   Number         0  stm32g4xx_hal_flash.o ABSOLUTE
    ..\Drivers\STM32G4xx_HAL_Driver\Src\stm32g4xx_hal_flash_ex.c 0x00000000   Number         0  stm32g4xx_hal_flash_ex.o ABSOLUTE
    ..\Drivers\STM32G4xx_HAL_Driver\Src\stm32g4xx_hal_flash_ramfunc.c 0x00000000   Number         0  stm32g4xx_hal_flash_ramfunc.o ABSOLUTE
    ..\Drivers\STM32G4xx_HAL_Driver\Src\stm32g4xx_hal_gpio.c 0x00000000   Number         0  stm32g4xx_hal_gpio.o ABSOLUTE
    ..\Drivers\STM32G4xx_HAL_Driver\Src\stm32g4xx_hal_pwr.c 0x00000000   Number         0  stm32g4xx_hal_pwr.o ABSOLUTE
    ..\Drivers\STM32G4xx_HAL_Driver\Src\stm32g4xx_hal_pwr_ex.c 0x00000000   Number         0  stm32g4xx_hal_pwr_ex.o ABSOLUTE
    ..\Drivers\STM32G4xx_HAL_Driver\Src\stm32g4xx_hal_rcc.c 0x00000000   Number         0  stm32g4xx_hal_rcc.o ABSOLUTE
    ..\Drivers\STM32G4xx_HAL_Driver\Src\stm32g4xx_hal_rcc_ex.c 0x00000000   Number         0  stm32g4xx_hal_rcc_ex.o ABSOLUTE
    ..\Drivers\STM32G4xx_HAL_Driver\Src\stm32g4xx_hal_tim.c 0x00000000   Number         0  stm32g4xx_hal_tim.o ABSOLUTE
    ..\Drivers\STM32G4xx_HAL_Driver\Src\stm32g4xx_hal_tim_ex.c 0x00000000   Number         0  stm32g4xx_hal_tim_ex.o ABSOLUTE
    ..\Drivers\STM32G4xx_HAL_Driver\Src\stm32g4xx_hal_uart.c 0x00000000   Number         0  stm32g4xx_hal_uart.o ABSOLUTE
    ..\Drivers\STM32G4xx_HAL_Driver\Src\stm32g4xx_hal_uart_ex.c 0x00000000   Number         0  stm32g4xx_hal_uart_ex.o ABSOLUTE
    ..\HARDWARE\DELAY\delay.c                0x00000000   Number         0  delay.o ABSOLUTE
    ..\HARDWARE\OLED\OLED_I2C.c              0x00000000   Number         0  oled_i2c.o ABSOLUTE
    ..\HARDWARE\OLED\myiic.c                 0x00000000   Number         0  myiic.o ABSOLUTE
    ..\HARDWARE\PE4302\pe4302.c              0x00000000   Number         0  pe4302.o ABSOLUTE
    ..\HARDWARE\USART\myusart1.c             0x00000000   Number         0  myusart1.o ABSOLUTE
    ..\\HARDWARE\\DELAY\\delay.c             0x00000000   Number         0  delay.o ABSOLUTE
    ..\\HARDWARE\\OLED\\OLED_I2C.c           0x00000000   Number         0  oled_i2c.o ABSOLUTE
    ..\\HARDWARE\\OLED\\myiic.c              0x00000000   Number         0  myiic.o ABSOLUTE
    ..\\HARDWARE\\PE4302\\pe4302.c           0x00000000   Number         0  pe4302.o ABSOLUTE
    ..\\HARDWARE\\USART\\myusart1.c          0x00000000   Number         0  myusart1.o ABSOLUTE
    dc.s                                     0x00000000   Number         0  dc.o ABSOLUTE
    startup_stm32g474xx.s                    0x00000000   Number         0  startup_stm32g474xx.o ABSOLUTE
    RESET                                    0x08000000   Section      472  startup_stm32g474xx.o(RESET)
    !!!main                                  0x080001d8   Section        8  __main.o(!!!main)
    !!!scatter                               0x080001e0   Section       52  __scatter.o(!!!scatter)
    !!dczerorl2                              0x08000214   Section       90  __dczerorl2.o(!!dczerorl2)
    !!handler_zi                             0x08000270   Section       28  __scatter_zi.o(!!handler_zi)
    .ARM.Collect$$libinit$$00000000          0x0800028c   Section        2  libinit.o(.ARM.Collect$$libinit$$00000000)
    .ARM.Collect$$libinit$$00000001          0x0800028e   Section        4  libinit2.o(.ARM.Collect$$libinit$$00000001)
    .ARM.Collect$$libinit$$00000004          0x08000292   Section        0  libinit2.o(.ARM.Collect$$libinit$$00000004)
    .ARM.Collect$$libinit$$0000000A          0x08000292   Section        0  libinit2.o(.ARM.Collect$$libinit$$0000000A)
    .ARM.Collect$$libinit$$0000000C          0x08000292   Section        0  libinit2.o(.ARM.Collect$$libinit$$0000000C)
    .ARM.Collect$$libinit$$0000000E          0x08000292   Section        0  libinit2.o(.ARM.Collect$$libinit$$0000000E)
    .ARM.Collect$$libinit$$00000011          0x08000292   Section        0  libinit2.o(.ARM.Collect$$libinit$$00000011)
    .ARM.Collect$$libinit$$00000013          0x08000292   Section        0  libinit2.o(.ARM.Collect$$libinit$$00000013)
    .ARM.Collect$$libinit$$00000015          0x08000292   Section        0  libinit2.o(.ARM.Collect$$libinit$$00000015)
    .ARM.Collect$$libinit$$00000017          0x08000292   Section        0  libinit2.o(.ARM.Collect$$libinit$$00000017)
    .ARM.Collect$$libinit$$00000019          0x08000292   Section        0  libinit2.o(.ARM.Collect$$libinit$$00000019)
    .ARM.Collect$$libinit$$0000001B          0x08000292   Section        0  libinit2.o(.ARM.Collect$$libinit$$0000001B)
    .ARM.Collect$$libinit$$0000001D          0x08000292   Section        0  libinit2.o(.ARM.Collect$$libinit$$0000001D)
    .ARM.Collect$$libinit$$0000001F          0x08000292   Section        0  libinit2.o(.ARM.Collect$$libinit$$0000001F)
    .ARM.Collect$$libinit$$00000021          0x08000292   Section        0  libinit2.o(.ARM.Collect$$libinit$$00000021)
    .ARM.Collect$$libinit$$00000023          0x08000292   Section        0  libinit2.o(.ARM.Collect$$libinit$$00000023)
    .ARM.Collect$$libinit$$00000025          0x08000292   Section        0  libinit2.o(.ARM.Collect$$libinit$$00000025)
    .ARM.Collect$$libinit$$0000002C          0x08000292   Section        0  libinit2.o(.ARM.Collect$$libinit$$0000002C)
    .ARM.Collect$$libinit$$0000002E          0x08000292   Section        0  libinit2.o(.ARM.Collect$$libinit$$0000002E)
    .ARM.Collect$$libinit$$00000030          0x08000292   Section        0  libinit2.o(.ARM.Collect$$libinit$$00000030)
    .ARM.Collect$$libinit$$00000032          0x08000292   Section        0  libinit2.o(.ARM.Collect$$libinit$$00000032)
    .ARM.Collect$$libinit$$00000033          0x08000292   Section        2  libinit2.o(.ARM.Collect$$libinit$$00000033)
    .ARM.Collect$$libshutdown$$00000000      0x08000294   Section        2  libshutdown.o(.ARM.Collect$$libshutdown$$00000000)
    .ARM.Collect$$libshutdown$$00000003      0x08000296   Section        0  libshutdown2.o(.ARM.Collect$$libshutdown$$00000003)
    .ARM.Collect$$libshutdown$$00000006      0x08000296   Section        0  libshutdown2.o(.ARM.Collect$$libshutdown$$00000006)
    .ARM.Collect$$libshutdown$$00000009      0x08000296   Section        0  libshutdown2.o(.ARM.Collect$$libshutdown$$00000009)
    .ARM.Collect$$libshutdown$$0000000B      0x08000296   Section        0  libshutdown2.o(.ARM.Collect$$libshutdown$$0000000B)
    .ARM.Collect$$libshutdown$$0000000E      0x08000296   Section        0  libshutdown2.o(.ARM.Collect$$libshutdown$$0000000E)
    .ARM.Collect$$libshutdown$$0000000F      0x08000296   Section        2  libshutdown2.o(.ARM.Collect$$libshutdown$$0000000F)
    .ARM.Collect$$rtentry$$00000000          0x08000298   Section        0  __rtentry.o(.ARM.Collect$$rtentry$$00000000)
    .ARM.Collect$$rtentry$$00000002          0x08000298   Section        0  __rtentry2.o(.ARM.Collect$$rtentry$$00000002)
    .ARM.Collect$$rtentry$$00000004          0x08000298   Section        6  __rtentry4.o(.ARM.Collect$$rtentry$$00000004)
    .ARM.Collect$$rtentry$$00000009          0x0800029e   Section        0  __rtentry2.o(.ARM.Collect$$rtentry$$00000009)
    .ARM.Collect$$rtentry$$0000000A          0x0800029e   Section        4  __rtentry2.o(.ARM.Collect$$rtentry$$0000000A)
    .ARM.Collect$$rtentry$$0000000C          0x080002a2   Section        0  __rtentry2.o(.ARM.Collect$$rtentry$$0000000C)
    .ARM.Collect$$rtentry$$0000000D          0x080002a2   Section        8  __rtentry2.o(.ARM.Collect$$rtentry$$0000000D)
    .ARM.Collect$$rtexit$$00000000           0x080002aa   Section        2  rtexit.o(.ARM.Collect$$rtexit$$00000000)
    .ARM.Collect$$rtexit$$00000002           0x080002ac   Section        0  rtexit2.o(.ARM.Collect$$rtexit$$00000002)
    .ARM.Collect$$rtexit$$00000003           0x080002ac   Section        4  rtexit2.o(.ARM.Collect$$rtexit$$00000003)
    .ARM.Collect$$rtexit$$00000004           0x080002b0   Section        6  rtexit2.o(.ARM.Collect$$rtexit$$00000004)
    .text                                    0x080002b8   Section       64  startup_stm32g474xx.o(.text)
    $v0                                      0x080002b8   Number         0  startup_stm32g474xx.o(.text)
    .text                                    0x080002f8   Section      238  lludivv7m.o(.text)
    .text                                    0x080003e6   Section       78  rt_memclr_w.o(.text)
    .text                                    0x08000434   Section        0  heapauxi.o(.text)
    .text                                    0x0800043c   Section        8  libspace.o(.text)
    .text                                    0x08000444   Section       74  sys_stackheap_outer.o(.text)
    .text                                    0x0800048e   Section        0  exit.o(.text)
    .text                                    0x0800049c   Section        0  sys_exit.o(.text)
    .text                                    0x080004a8   Section        2  use_no_semi.o(.text)
    .text                                    0x080004aa   Section        0  indicate_semi.o(.text)
    i.BusFault_Handler                       0x080004aa   Section        0  stm32g4xx_it.o(i.BusFault_Handler)
    i.DebugMon_Handler                       0x080004ac   Section        0  stm32g4xx_it.o(i.DebugMon_Handler)
    i.Error_Handler                          0x080004ae   Section        0  main.o(i.Error_Handler)
    i.HAL_DMA_Abort                          0x080004b2   Section        0  stm32g4xx_hal_dma.o(i.HAL_DMA_Abort)
    i.HAL_DMA_Abort_IT                       0x0800051c   Section        0  stm32g4xx_hal_dma.o(i.HAL_DMA_Abort_IT)
    i.HAL_GPIO_Init                          0x08000594   Section        0  stm32g4xx_hal_gpio.o(i.HAL_GPIO_Init)
    i.HAL_GPIO_ReadPin                       0x080007dc   Section        0  stm32g4xx_hal_gpio.o(i.HAL_GPIO_ReadPin)
    i.HAL_GPIO_WritePin                      0x080007e6   Section        0  stm32g4xx_hal_gpio.o(i.HAL_GPIO_WritePin)
    i.HAL_GetTick                            0x080007f0   Section        0  stm32g4xx_hal.o(i.HAL_GetTick)
    i.HAL_IncTick                            0x080007fc   Section        0  stm32g4xx_hal.o(i.HAL_IncTick)
    i.HAL_Init                               0x0800080c   Section        0  stm32g4xx_hal.o(i.HAL_Init)
    i.HAL_InitTick                           0x0800082c   Section        0  stm32g4xx_hal.o(i.HAL_InitTick)
    i.HAL_MspInit                            0x08000870   Section        0  stm32g4xx_hal_msp.o(i.HAL_MspInit)
    i.HAL_NVIC_EnableIRQ                     0x080008a0   Section        0  stm32g4xx_hal_cortex.o(i.HAL_NVIC_EnableIRQ)
    i.HAL_NVIC_SetPriority                   0x080008bc   Section        0  stm32g4xx_hal_cortex.o(i.HAL_NVIC_SetPriority)
    i.HAL_NVIC_SetPriorityGrouping           0x080008fc   Section        0  stm32g4xx_hal_cortex.o(i.HAL_NVIC_SetPriorityGrouping)
    i.HAL_PWREx_ControlVoltageScaling        0x08000920   Section        0  stm32g4xx_hal_pwr_ex.o(i.HAL_PWREx_ControlVoltageScaling)
    i.HAL_PWREx_DisableUCPDDeadBattery       0x080009dc   Section        0  stm32g4xx_hal_pwr_ex.o(i.HAL_PWREx_DisableUCPDDeadBattery)
    i.HAL_RCCEx_PeriphCLKConfig              0x080009ec   Section        0  stm32g4xx_hal_rcc_ex.o(i.HAL_RCCEx_PeriphCLKConfig)
    i.HAL_RCC_ClockConfig                    0x08000cec   Section        0  stm32g4xx_hal_rcc.o(i.HAL_RCC_ClockConfig)
    i.HAL_RCC_GetPCLK1Freq                   0x08000ec8   Section        0  stm32g4xx_hal_rcc.o(i.HAL_RCC_GetPCLK1Freq)
    i.HAL_RCC_GetPCLK2Freq                   0x08000eec   Section        0  stm32g4xx_hal_rcc.o(i.HAL_RCC_GetPCLK2Freq)
    i.HAL_RCC_GetSysClockFreq                0x08000f10   Section        0  stm32g4xx_hal_rcc.o(i.HAL_RCC_GetSysClockFreq)
    i.HAL_RCC_OscConfig                      0x08000f80   Section        0  stm32g4xx_hal_rcc.o(i.HAL_RCC_OscConfig)
    i.HAL_SYSTICK_CLKSourceConfig            0x0800138c   Section        0  stm32g4xx_hal_cortex.o(i.HAL_SYSTICK_CLKSourceConfig)
    i.HAL_SYSTICK_Config                     0x080013a4   Section        0  stm32g4xx_hal_cortex.o(i.HAL_SYSTICK_Config)
    i.HAL_UARTEx_DisableFifoMode             0x080013cc   Section        0  stm32g4xx_hal_uart_ex.o(i.HAL_UARTEx_DisableFifoMode)
    i.HAL_UARTEx_RxEventCallback             0x0800140a   Section        0  stm32g4xx_hal_uart.o(i.HAL_UARTEx_RxEventCallback)
    i.HAL_UARTEx_RxFifoFullCallback          0x0800140c   Section        0  stm32g4xx_hal_uart_ex.o(i.HAL_UARTEx_RxFifoFullCallback)
    i.HAL_UARTEx_SetRxFifoThreshold          0x0800140e   Section        0  stm32g4xx_hal_uart_ex.o(i.HAL_UARTEx_SetRxFifoThreshold)
    i.HAL_UARTEx_SetTxFifoThreshold          0x0800145a   Section        0  stm32g4xx_hal_uart_ex.o(i.HAL_UARTEx_SetTxFifoThreshold)
    i.HAL_UARTEx_TxFifoEmptyCallback         0x080014a6   Section        0  stm32g4xx_hal_uart_ex.o(i.HAL_UARTEx_TxFifoEmptyCallback)
    i.HAL_UARTEx_WakeupCallback              0x080014a8   Section        0  stm32g4xx_hal_uart_ex.o(i.HAL_UARTEx_WakeupCallback)
    i.HAL_UART_ErrorCallback                 0x080014aa   Section        0  stm32g4xx_hal_uart.o(i.HAL_UART_ErrorCallback)
    i.HAL_UART_IRQHandler                    0x080014ac   Section        0  stm32g4xx_hal_uart.o(i.HAL_UART_IRQHandler)
    i.HAL_UART_Init                          0x0800178c   Section        0  stm32g4xx_hal_uart.o(i.HAL_UART_Init)
    i.HAL_UART_MspInit                       0x080017f8   Section        0  usart.o(i.HAL_UART_MspInit)
    i.HAL_UART_TxCpltCallback                0x08001884   Section        0  stm32g4xx_hal_uart.o(i.HAL_UART_TxCpltCallback)
    i.HardFault_Handler                      0x08001886   Section        0  stm32g4xx_it.o(i.HardFault_Handler)
    i.I2C_WriteByte                          0x08001888   Section        0  oled_i2c.o(i.I2C_WriteByte)
    i.IIC_Init                               0x080018b8   Section        0  myiic.o(i.IIC_Init)
    i.IIC_Send_Byte                          0x080018d8   Section        0  myiic.o(i.IIC_Send_Byte)
    i.IIC_Start                              0x08001950   Section        0  myiic.o(i.IIC_Start)
    i.IIC_Stop                               0x080019a4   Section        0  myiic.o(i.IIC_Stop)
    i.IIC_Wait_Ack                           0x080019fc   Section        0  myiic.o(i.IIC_Wait_Ack)
    i.MX_GPIO_Init                           0x08001a68   Section        0  gpio.o(i.MX_GPIO_Init)
    i.MX_USART1_UART_Init                    0x08001b24   Section        0  usart.o(i.MX_USART1_UART_Init)
    i.MemManage_Handler                      0x08001b8c   Section        0  stm32g4xx_it.o(i.MemManage_Handler)
    i.MyUSART1_IRQHandler                    0x08001b90   Section        0  myusart1.o(i.MyUSART1_IRQHandler)
    i.MyUSART1_Init                          0x08001bc4   Section        0  myusart1.o(i.MyUSART1_Init)
    i.NMI_Handler                            0x08001bd8   Section        0  stm32g4xx_it.o(i.NMI_Handler)
    i.OLED_CLS                               0x08001bda   Section        0  oled_i2c.o(i.OLED_CLS)
    i.OLED_Fill                              0x08001be0   Section        0  oled_i2c.o(i.OLED_Fill)
    i.OLED_Init                              0x08001c18   Section        0  oled_i2c.o(i.OLED_Init)
    i.PE4302_Init                            0x08001ce0   Section        0  pe4302.o(i.PE4302_Init)
    i.PE4302_Set                             0x08001d80   Section        0  pe4302.o(i.PE4302_Set)
    i.PendSV_Handler                         0x08001e84   Section        0  stm32g4xx_it.o(i.PendSV_Handler)
    i.SVC_Handler                            0x08001e86   Section        0  stm32g4xx_it.o(i.SVC_Handler)
    i.SysTick_Handler                        0x08001e88   Section        0  stm32g4xx_it.o(i.SysTick_Handler)
    i.SystemClock_Config                     0x08001e8c   Section        0  main.o(i.SystemClock_Config)
    i.SystemInit                             0x08001ef4   Section        0  system_stm32g4xx.o(i.SystemInit)
    i.UARTEx_SetNbDataToProcess              0x08001f04   Section        0  stm32g4xx_hal_uart_ex.o(i.UARTEx_SetNbDataToProcess)
    UARTEx_SetNbDataToProcess                0x08001f05   Thumb Code    62  stm32g4xx_hal_uart_ex.o(i.UARTEx_SetNbDataToProcess)
    i.UART_AdvFeatureConfig                  0x08001f48   Section        0  stm32g4xx_hal_uart.o(i.UART_AdvFeatureConfig)
    i.UART_CheckIdleState                    0x08002010   Section        0  stm32g4xx_hal_uart.o(i.UART_CheckIdleState)
    i.UART_DMAAbortOnError                   0x08002070   Section        0  stm32g4xx_hal_uart.o(i.UART_DMAAbortOnError)
    UART_DMAAbortOnError                     0x08002071   Thumb Code    20  stm32g4xx_hal_uart.o(i.UART_DMAAbortOnError)
    i.UART_EndRxTransfer                     0x08002084   Section        0  stm32g4xx_hal_uart.o(i.UART_EndRxTransfer)
    UART_EndRxTransfer                       0x08002085   Thumb Code    78  stm32g4xx_hal_uart.o(i.UART_EndRxTransfer)
    i.UART_SetConfig                         0x080020d8   Section        0  stm32g4xx_hal_uart.o(i.UART_SetConfig)
    i.UART_WaitOnFlagUntilTimeout            0x08002370   Section        0  stm32g4xx_hal_uart.o(i.UART_WaitOnFlagUntilTimeout)
    i.USART1_IRQHandler                      0x08002438   Section        0  stm32g4xx_it.o(i.USART1_IRQHandler)
    i.UsageFault_Handler                     0x08002454   Section        0  stm32g4xx_it.o(i.UsageFault_Handler)
    i.WriteCmd                               0x08002456   Section        0  oled_i2c.o(i.WriteCmd)
    i.WriteDat                               0x0800245e   Section        0  oled_i2c.o(i.WriteDat)
    i.__NVIC_SetPriority                     0x08002466   Section        0  stm32g4xx_hal_cortex.o(i.__NVIC_SetPriority)
    __NVIC_SetPriority                       0x08002467   Thumb Code    32  stm32g4xx_hal_cortex.o(i.__NVIC_SetPriority)
    i.delay_init                             0x08002488   Section        0  delay.o(i.delay_init)
    i.delay_ms                               0x0800249c   Section        0  delay.o(i.delay_ms)
    i.delay_us                               0x080024a8   Section        0  delay.o(i.delay_us)
    i.main                                   0x080024dc   Section        0  main.o(i.main)
    x$fpl$d2f                                0x0800251c   Section       98  d2f.o(x$fpl$d2f)
    $v0                                      0x0800251c   Number         0  d2f.o(x$fpl$d2f)
    x$fpl$dadd                               0x08002580   Section      336  daddsub_clz.o(x$fpl$dadd)
    $v0                                      0x08002580   Number         0  daddsub_clz.o(x$fpl$dadd)
    _dadd1                                   0x08002591   Thumb Code     0  daddsub_clz.o(x$fpl$dadd)
    x$fpl$dfixu                              0x080026d0   Section       90  dfixu.o(x$fpl$dfixu)
    $v0                                      0x080026d0   Number         0  dfixu.o(x$fpl$dfixu)
    x$fpl$dnaninf                            0x0800272a   Section      156  dnaninf.o(x$fpl$dnaninf)
    $v0                                      0x0800272a   Number         0  dnaninf.o(x$fpl$dnaninf)
    x$fpl$dretinf                            0x080027c6   Section       12  dretinf.o(x$fpl$dretinf)
    $v0                                      0x080027c6   Number         0  dretinf.o(x$fpl$dretinf)
    x$fpl$dsub                               0x080027d4   Section      468  daddsub_clz.o(x$fpl$dsub)
    $v0                                      0x080027d4   Number         0  daddsub_clz.o(x$fpl$dsub)
    _dsub1                                   0x080027e5   Thumb Code     0  daddsub_clz.o(x$fpl$dsub)
    x$fpl$f2d                                0x080029a8   Section       86  f2d.o(x$fpl$f2d)
    $v0                                      0x080029a8   Number         0  f2d.o(x$fpl$f2d)
    x$fpl$fnaninf                            0x080029fe   Section      140  fnaninf.o(x$fpl$fnaninf)
    $v0                                      0x080029fe   Number         0  fnaninf.o(x$fpl$fnaninf)
    x$fpl$fpinit                             0x08002a8a   Section       10  fpinit.o(x$fpl$fpinit)
    $v0                                      0x08002a8a   Number         0  fpinit.o(x$fpl$fpinit)
    x$fpl$fretinf                            0x08002a94   Section       10  fretinf.o(x$fpl$fretinf)
    $v0                                      0x08002a94   Number         0  fretinf.o(x$fpl$fretinf)
    .constdata                               0x08002a9e   Section       24  stm32g4xx_hal_uart.o(.constdata)
    x$fpl$usenofp                            0x08002a9e   Section        0  usenofp.o(x$fpl$usenofp)
    .constdata                               0x08002ab6   Section       16  stm32g4xx_hal_uart_ex.o(.constdata)
    numerator                                0x08002ab6   Data           8  stm32g4xx_hal_uart_ex.o(.constdata)
    denominator                              0x08002abe   Data           8  stm32g4xx_hal_uart_ex.o(.constdata)
    .constdata                               0x08002ac6   Section       16  system_stm32g4xx.o(.constdata)
    .constdata                               0x08002ad6   Section        8  system_stm32g4xx.o(.constdata)
    .data                                    0x20000000   Section       12  stm32g4xx_hal.o(.data)
    .data                                    0x2000000c   Section        4  system_stm32g4xx.o(.data)
    .data                                    0x20000010   Section        2  delay.o(.data)
    sysClkFreq                               0x20000010   Data           2  delay.o(.data)
    .data                                    0x20000012   Section      547  oled_i2c.o(.data)
    .data                                    0x20000238   Section       12  myusart1.o(.data)
    .bss                                     0x20000244   Section      144  usart.o(.bss)
    .bss                                     0x200002d4   Section      100  myusart1.o(.bss)
    .bss                                     0x20000338   Section       96  libspace.o(.bss)
    HEAP                                     0x20000398   Section      512  startup_stm32g474xx.o(HEAP)
    Heap_Mem                                 0x20000398   Data         512  startup_stm32g474xx.o(HEAP)
    STACK                                    0x20000598   Section     1024  startup_stm32g474xx.o(STACK)
    Stack_Mem                                0x20000598   Data        1024  startup_stm32g474xx.o(STACK)
    __initial_sp                             0x20000998   Data           0  startup_stm32g474xx.o(STACK)

    Global Symbols

    Symbol Name                              Value     Ov Type        Size  Object(Section)

    BuildAttributes$$THM_ISAv4$E$P$D$K$B$S$7EM$VFPi3$EXTD16$VFPS$VFMA$PE$A:L22UL41UL21$X:L11$S22US41US21$IEEE1$IW$USESV6$~STKCKD$USESV7$~SHL$OTIME$ROPI$IEEEJ$EBA8$UX$STANDARDLIB$REQ8$PRES8$EABIv2 0x00000000   Number         0  anon$$obj.o ABSOLUTE
    __ARM_use_no_argv                        0x00000000   Number         0  main.o ABSOLUTE
    _printf_flags                            0x00000000   Number         0  printf_stubs.o ABSOLUTE
    _printf_return_value                     0x00000000   Number         0  printf_stubs.o ABSOLUTE
    _printf_sizespec                         0x00000000   Number         0  printf_stubs.o ABSOLUTE
    _printf_widthprec                        0x00000000   Number         0  printf_stubs.o ABSOLUTE
    __ARM_exceptions_init                     - Undefined Weak Reference
    __alloca_initialize                       - Undefined Weak Reference
    __arm_preinit_                            - Undefined Weak Reference
    __cpp_initialize__aeabi_                  - Undefined Weak Reference
    __cxa_finalize                            - Undefined Weak Reference
    __sigvec_lookup                           - Undefined Weak Reference
    _atexit_init                              - Undefined Weak Reference
    _call_atexit_fns                          - Undefined Weak Reference
    _clock_init                               - Undefined Weak Reference
    _fp_trap_init                             - Undefined Weak Reference
    _fp_trap_shutdown                         - Undefined Weak Reference
    _get_lc_collate                           - Undefined Weak Reference
    _get_lc_ctype                             - Undefined Weak Reference
    _get_lc_monetary                          - Undefined Weak Reference
    _get_lc_time                              - Undefined Weak Reference
    _getenv_init                              - Undefined Weak Reference
    _handle_redirection                       - Undefined Weak Reference
    _init_alloc                               - Undefined Weak Reference
    _init_user_alloc                          - Undefined Weak Reference
    _initio                                   - Undefined Weak Reference
    _printf_post_padding                      - Undefined Weak Reference
    _printf_pre_padding                       - Undefined Weak Reference
    _rand_init                                - Undefined Weak Reference
    _signal_finish                            - Undefined Weak Reference
    _signal_init                              - Undefined Weak Reference
    _terminate_alloc                          - Undefined Weak Reference
    _terminate_user_alloc                     - Undefined Weak Reference
    _terminateio                              - Undefined Weak Reference
    __Vectors_Size                           0x000001d8   Number         0  startup_stm32g474xx.o ABSOLUTE
    __Vectors                                0x08000000   Data           4  startup_stm32g474xx.o(RESET)
    __Vectors_End                            0x080001d8   Data           0  startup_stm32g474xx.o(RESET)
    __main                                   0x080001d9   Thumb Code     8  __main.o(!!!main)
    __scatterload                            0x080001e1   Thumb Code     0  __scatter.o(!!!scatter)
    __scatterload_rt2                        0x080001e1   Thumb Code    44  __scatter.o(!!!scatter)
    __scatterload_rt2_thumb_only             0x080001e1   Thumb Code     0  __scatter.o(!!!scatter)
    __scatterload_null                       0x080001ef   Thumb Code     0  __scatter.o(!!!scatter)
    __decompress                             0x08000215   Thumb Code    90  __dczerorl2.o(!!dczerorl2)
    __decompress1                            0x08000215   Thumb Code     0  __dczerorl2.o(!!dczerorl2)
    __scatterload_zeroinit                   0x08000271   Thumb Code    28  __scatter_zi.o(!!handler_zi)
    __rt_lib_init                            0x0800028d   Thumb Code     0  libinit.o(.ARM.Collect$$libinit$$00000000)
    __rt_lib_init_fp_1                       0x0800028f   Thumb Code     0  libinit2.o(.ARM.Collect$$libinit$$00000001)
    __rt_lib_init_alloca_1                   0x08000293   Thumb Code     0  libinit2.o(.ARM.Collect$$libinit$$0000002E)
    __rt_lib_init_argv_1                     0x08000293   Thumb Code     0  libinit2.o(.ARM.Collect$$libinit$$0000002C)
    __rt_lib_init_atexit_1                   0x08000293   Thumb Code     0  libinit2.o(.ARM.Collect$$libinit$$0000001B)
    __rt_lib_init_clock_1                    0x08000293   Thumb Code     0  libinit2.o(.ARM.Collect$$libinit$$00000021)
    __rt_lib_init_cpp_1                      0x08000293   Thumb Code     0  libinit2.o(.ARM.Collect$$libinit$$00000032)
    __rt_lib_init_exceptions_1               0x08000293   Thumb Code     0  libinit2.o(.ARM.Collect$$libinit$$00000030)
    __rt_lib_init_fp_trap_1                  0x08000293   Thumb Code     0  libinit2.o(.ARM.Collect$$libinit$$0000001F)
    __rt_lib_init_getenv_1                   0x08000293   Thumb Code     0  libinit2.o(.ARM.Collect$$libinit$$00000023)
    __rt_lib_init_heap_1                     0x08000293   Thumb Code     0  libinit2.o(.ARM.Collect$$libinit$$0000000A)
    __rt_lib_init_lc_collate_1               0x08000293   Thumb Code     0  libinit2.o(.ARM.Collect$$libinit$$00000011)
    __rt_lib_init_lc_ctype_1                 0x08000293   Thumb Code     0  libinit2.o(.ARM.Collect$$libinit$$00000013)
    __rt_lib_init_lc_monetary_1              0x08000293   Thumb Code     0  libinit2.o(.ARM.Collect$$libinit$$00000015)
    __rt_lib_init_lc_numeric_1               0x08000293   Thumb Code     0  libinit2.o(.ARM.Collect$$libinit$$00000017)
    __rt_lib_init_lc_time_1                  0x08000293   Thumb Code     0  libinit2.o(.ARM.Collect$$libinit$$00000019)
    __rt_lib_init_preinit_1                  0x08000293   Thumb Code     0  libinit2.o(.ARM.Collect$$libinit$$00000004)
    __rt_lib_init_rand_1                     0x08000293   Thumb Code     0  libinit2.o(.ARM.Collect$$libinit$$0000000E)
    __rt_lib_init_return                     0x08000293   Thumb Code     0  libinit2.o(.ARM.Collect$$libinit$$00000033)
    __rt_lib_init_signal_1                   0x08000293   Thumb Code     0  libinit2.o(.ARM.Collect$$libinit$$0000001D)
    __rt_lib_init_stdio_1                    0x08000293   Thumb Code     0  libinit2.o(.ARM.Collect$$libinit$$00000025)
    __rt_lib_init_user_alloc_1               0x08000293   Thumb Code     0  libinit2.o(.ARM.Collect$$libinit$$0000000C)
    __rt_lib_shutdown                        0x08000295   Thumb Code     0  libshutdown.o(.ARM.Collect$$libshutdown$$00000000)
    __rt_lib_shutdown_fp_trap_1              0x08000297   Thumb Code     0  libshutdown2.o(.ARM.Collect$$libshutdown$$00000006)
    __rt_lib_shutdown_heap_1                 0x08000297   Thumb Code     0  libshutdown2.o(.ARM.Collect$$libshutdown$$0000000E)
    __rt_lib_shutdown_return                 0x08000297   Thumb Code     0  libshutdown2.o(.ARM.Collect$$libshutdown$$0000000F)
    __rt_lib_shutdown_signal_1               0x08000297   Thumb Code     0  libshutdown2.o(.ARM.Collect$$libshutdown$$00000009)
    __rt_lib_shutdown_stdio_1                0x08000297   Thumb Code     0  libshutdown2.o(.ARM.Collect$$libshutdown$$00000003)
    __rt_lib_shutdown_user_alloc_1           0x08000297   Thumb Code     0  libshutdown2.o(.ARM.Collect$$libshutdown$$0000000B)
    __rt_entry                               0x08000299   Thumb Code     0  __rtentry.o(.ARM.Collect$$rtentry$$00000000)
    __rt_entry_presh_1                       0x08000299   Thumb Code     0  __rtentry2.o(.ARM.Collect$$rtentry$$00000002)
    __rt_entry_sh                            0x08000299   Thumb Code     0  __rtentry4.o(.ARM.Collect$$rtentry$$00000004)
    __rt_entry_li                            0x0800029f   Thumb Code     0  __rtentry2.o(.ARM.Collect$$rtentry$$0000000A)
    __rt_entry_postsh_1                      0x0800029f   Thumb Code     0  __rtentry2.o(.ARM.Collect$$rtentry$$00000009)
    __rt_entry_main                          0x080002a3   Thumb Code     0  __rtentry2.o(.ARM.Collect$$rtentry$$0000000D)
    __rt_entry_postli_1                      0x080002a3   Thumb Code     0  __rtentry2.o(.ARM.Collect$$rtentry$$0000000C)
    __rt_exit                                0x080002ab   Thumb Code     0  rtexit.o(.ARM.Collect$$rtexit$$00000000)
    __rt_exit_ls                             0x080002ad   Thumb Code     0  rtexit2.o(.ARM.Collect$$rtexit$$00000003)
    __rt_exit_prels_1                        0x080002ad   Thumb Code     0  rtexit2.o(.ARM.Collect$$rtexit$$00000002)
    __rt_exit_exit                           0x080002b1   Thumb Code     0  rtexit2.o(.ARM.Collect$$rtexit$$00000004)
    Reset_Handler                            0x080002b9   Thumb Code     8  startup_stm32g474xx.o(.text)
    ADC1_2_IRQHandler                        0x080002d3   Thumb Code     0  startup_stm32g474xx.o(.text)
    ADC3_IRQHandler                          0x080002d3   Thumb Code     0  startup_stm32g474xx.o(.text)
    ADC4_IRQHandler                          0x080002d3   Thumb Code     0  startup_stm32g474xx.o(.text)
    ADC5_IRQHandler                          0x080002d3   Thumb Code     0  startup_stm32g474xx.o(.text)
    COMP1_2_3_IRQHandler                     0x080002d3   Thumb Code     0  startup_stm32g474xx.o(.text)
    COMP4_5_6_IRQHandler                     0x080002d3   Thumb Code     0  startup_stm32g474xx.o(.text)
    COMP7_IRQHandler                         0x080002d3   Thumb Code     0  startup_stm32g474xx.o(.text)
    CORDIC_IRQHandler                        0x080002d3   Thumb Code     0  startup_stm32g474xx.o(.text)
    CRS_IRQHandler                           0x080002d3   Thumb Code     0  startup_stm32g474xx.o(.text)
    DMA1_Channel1_IRQHandler                 0x080002d3   Thumb Code     0  startup_stm32g474xx.o(.text)
    DMA1_Channel2_IRQHandler                 0x080002d3   Thumb Code     0  startup_stm32g474xx.o(.text)
    DMA1_Channel3_IRQHandler                 0x080002d3   Thumb Code     0  startup_stm32g474xx.o(.text)
    DMA1_Channel4_IRQHandler                 0x080002d3   Thumb Code     0  startup_stm32g474xx.o(.text)
    DMA1_Channel5_IRQHandler                 0x080002d3   Thumb Code     0  startup_stm32g474xx.o(.text)
    DMA1_Channel6_IRQHandler                 0x080002d3   Thumb Code     0  startup_stm32g474xx.o(.text)
    DMA1_Channel7_IRQHandler                 0x080002d3   Thumb Code     0  startup_stm32g474xx.o(.text)
    DMA1_Channel8_IRQHandler                 0x080002d3   Thumb Code     0  startup_stm32g474xx.o(.text)
    DMA2_Channel1_IRQHandler                 0x080002d3   Thumb Code     0  startup_stm32g474xx.o(.text)
    DMA2_Channel2_IRQHandler                 0x080002d3   Thumb Code     0  startup_stm32g474xx.o(.text)
    DMA2_Channel3_IRQHandler                 0x080002d3   Thumb Code     0  startup_stm32g474xx.o(.text)
    DMA2_Channel4_IRQHandler                 0x080002d3   Thumb Code     0  startup_stm32g474xx.o(.text)
    DMA2_Channel5_IRQHandler                 0x080002d3   Thumb Code     0  startup_stm32g474xx.o(.text)
    DMA2_Channel6_IRQHandler                 0x080002d3   Thumb Code     0  startup_stm32g474xx.o(.text)
    DMA2_Channel7_IRQHandler                 0x080002d3   Thumb Code     0  startup_stm32g474xx.o(.text)
    DMA2_Channel8_IRQHandler                 0x080002d3   Thumb Code     0  startup_stm32g474xx.o(.text)
    DMAMUX_OVR_IRQHandler                    0x080002d3   Thumb Code     0  startup_stm32g474xx.o(.text)
    EXTI0_IRQHandler                         0x080002d3   Thumb Code     0  startup_stm32g474xx.o(.text)
    EXTI15_10_IRQHandler                     0x080002d3   Thumb Code     0  startup_stm32g474xx.o(.text)
    EXTI1_IRQHandler                         0x080002d3   Thumb Code     0  startup_stm32g474xx.o(.text)
    EXTI2_IRQHandler                         0x080002d3   Thumb Code     0  startup_stm32g474xx.o(.text)
    EXTI3_IRQHandler                         0x080002d3   Thumb Code     0  startup_stm32g474xx.o(.text)
    EXTI4_IRQHandler                         0x080002d3   Thumb Code     0  startup_stm32g474xx.o(.text)
    EXTI9_5_IRQHandler                       0x080002d3   Thumb Code     0  startup_stm32g474xx.o(.text)
    FDCAN1_IT0_IRQHandler                    0x080002d3   Thumb Code     0  startup_stm32g474xx.o(.text)
    FDCAN1_IT1_IRQHandler                    0x080002d3   Thumb Code     0  startup_stm32g474xx.o(.text)
    FDCAN2_IT0_IRQHandler                    0x080002d3   Thumb Code     0  startup_stm32g474xx.o(.text)
    FDCAN2_IT1_IRQHandler                    0x080002d3   Thumb Code     0  startup_stm32g474xx.o(.text)
    FDCAN3_IT0_IRQHandler                    0x080002d3   Thumb Code     0  startup_stm32g474xx.o(.text)
    FDCAN3_IT1_IRQHandler                    0x080002d3   Thumb Code     0  startup_stm32g474xx.o(.text)
    FLASH_IRQHandler                         0x080002d3   Thumb Code     0  startup_stm32g474xx.o(.text)
    FMAC_IRQHandler                          0x080002d3   Thumb Code     0  startup_stm32g474xx.o(.text)
    FMC_IRQHandler                           0x080002d3   Thumb Code     0  startup_stm32g474xx.o(.text)
    FPU_IRQHandler                           0x080002d3   Thumb Code     0  startup_stm32g474xx.o(.text)
    HRTIM1_FLT_IRQHandler                    0x080002d3   Thumb Code     0  startup_stm32g474xx.o(.text)
    HRTIM1_Master_IRQHandler                 0x080002d3   Thumb Code     0  startup_stm32g474xx.o(.text)
    HRTIM1_TIMA_IRQHandler                   0x080002d3   Thumb Code     0  startup_stm32g474xx.o(.text)
    HRTIM1_TIMB_IRQHandler                   0x080002d3   Thumb Code     0  startup_stm32g474xx.o(.text)
    HRTIM1_TIMC_IRQHandler                   0x080002d3   Thumb Code     0  startup_stm32g474xx.o(.text)
    HRTIM1_TIMD_IRQHandler                   0x080002d3   Thumb Code     0  startup_stm32g474xx.o(.text)
    HRTIM1_TIME_IRQHandler                   0x080002d3   Thumb Code     0  startup_stm32g474xx.o(.text)
    HRTIM1_TIMF_IRQHandler                   0x080002d3   Thumb Code     0  startup_stm32g474xx.o(.text)
    I2C1_ER_IRQHandler                       0x080002d3   Thumb Code     0  startup_stm32g474xx.o(.text)
    I2C1_EV_IRQHandler                       0x080002d3   Thumb Code     0  startup_stm32g474xx.o(.text)
    I2C2_ER_IRQHandler                       0x080002d3   Thumb Code     0  startup_stm32g474xx.o(.text)
    I2C2_EV_IRQHandler                       0x080002d3   Thumb Code     0  startup_stm32g474xx.o(.text)
    I2C3_ER_IRQHandler                       0x080002d3   Thumb Code     0  startup_stm32g474xx.o(.text)
    I2C3_EV_IRQHandler                       0x080002d3   Thumb Code     0  startup_stm32g474xx.o(.text)
    I2C4_ER_IRQHandler                       0x080002d3   Thumb Code     0  startup_stm32g474xx.o(.text)
    I2C4_EV_IRQHandler                       0x080002d3   Thumb Code     0  startup_stm32g474xx.o(.text)
    LPTIM1_IRQHandler                        0x080002d3   Thumb Code     0  startup_stm32g474xx.o(.text)
    LPUART1_IRQHandler                       0x080002d3   Thumb Code     0  startup_stm32g474xx.o(.text)
    PVD_PVM_IRQHandler                       0x080002d3   Thumb Code     0  startup_stm32g474xx.o(.text)
    QUADSPI_IRQHandler                       0x080002d3   Thumb Code     0  startup_stm32g474xx.o(.text)
    RCC_IRQHandler                           0x080002d3   Thumb Code     0  startup_stm32g474xx.o(.text)
    RNG_IRQHandler                           0x080002d3   Thumb Code     0  startup_stm32g474xx.o(.text)
    RTC_Alarm_IRQHandler                     0x080002d3   Thumb Code     0  startup_stm32g474xx.o(.text)
    RTC_TAMP_LSECSS_IRQHandler               0x080002d3   Thumb Code     0  startup_stm32g474xx.o(.text)
    RTC_WKUP_IRQHandler                      0x080002d3   Thumb Code     0  startup_stm32g474xx.o(.text)
    SAI1_IRQHandler                          0x080002d3   Thumb Code     0  startup_stm32g474xx.o(.text)
    SPI1_IRQHandler                          0x080002d3   Thumb Code     0  startup_stm32g474xx.o(.text)
    SPI2_IRQHandler                          0x080002d3   Thumb Code     0  startup_stm32g474xx.o(.text)
    SPI3_IRQHandler                          0x080002d3   Thumb Code     0  startup_stm32g474xx.o(.text)
    SPI4_IRQHandler                          0x080002d3   Thumb Code     0  startup_stm32g474xx.o(.text)
    TIM1_BRK_TIM15_IRQHandler                0x080002d3   Thumb Code     0  startup_stm32g474xx.o(.text)
    TIM1_CC_IRQHandler                       0x080002d3   Thumb Code     0  startup_stm32g474xx.o(.text)
    TIM1_TRG_COM_TIM17_IRQHandler            0x080002d3   Thumb Code     0  startup_stm32g474xx.o(.text)
    TIM1_UP_TIM16_IRQHandler                 0x080002d3   Thumb Code     0  startup_stm32g474xx.o(.text)
    TIM20_BRK_IRQHandler                     0x080002d3   Thumb Code     0  startup_stm32g474xx.o(.text)
    TIM20_CC_IRQHandler                      0x080002d3   Thumb Code     0  startup_stm32g474xx.o(.text)
    TIM20_TRG_COM_IRQHandler                 0x080002d3   Thumb Code     0  startup_stm32g474xx.o(.text)
    TIM20_UP_IRQHandler                      0x080002d3   Thumb Code     0  startup_stm32g474xx.o(.text)
    TIM2_IRQHandler                          0x080002d3   Thumb Code     0  startup_stm32g474xx.o(.text)
    TIM3_IRQHandler                          0x080002d3   Thumb Code     0  startup_stm32g474xx.o(.text)
    TIM4_IRQHandler                          0x080002d3   Thumb Code     0  startup_stm32g474xx.o(.text)
    TIM5_IRQHandler                          0x080002d3   Thumb Code     0  startup_stm32g474xx.o(.text)
    TIM6_DAC_IRQHandler                      0x080002d3   Thumb Code     0  startup_stm32g474xx.o(.text)
    TIM7_DAC_IRQHandler                      0x080002d3   Thumb Code     0  startup_stm32g474xx.o(.text)
    TIM8_BRK_IRQHandler                      0x080002d3   Thumb Code     0  startup_stm32g474xx.o(.text)
    TIM8_CC_IRQHandler                       0x080002d3   Thumb Code     0  startup_stm32g474xx.o(.text)
    TIM8_TRG_COM_IRQHandler                  0x080002d3   Thumb Code     0  startup_stm32g474xx.o(.text)
    TIM8_UP_IRQHandler                       0x080002d3   Thumb Code     0  startup_stm32g474xx.o(.text)
    UART4_IRQHandler                         0x080002d3   Thumb Code     0  startup_stm32g474xx.o(.text)
    UART5_IRQHandler                         0x080002d3   Thumb Code     0  startup_stm32g474xx.o(.text)
    UCPD1_IRQHandler                         0x080002d3   Thumb Code     0  startup_stm32g474xx.o(.text)
    USART2_IRQHandler                        0x080002d3   Thumb Code     0  startup_stm32g474xx.o(.text)
    USART3_IRQHandler                        0x080002d3   Thumb Code     0  startup_stm32g474xx.o(.text)
    USBWakeUp_IRQHandler                     0x080002d3   Thumb Code     0  startup_stm32g474xx.o(.text)
    USB_HP_IRQHandler                        0x080002d3   Thumb Code     0  startup_stm32g474xx.o(.text)
    USB_LP_IRQHandler                        0x080002d3   Thumb Code     0  startup_stm32g474xx.o(.text)
    WWDG_IRQHandler                          0x080002d3   Thumb Code     0  startup_stm32g474xx.o(.text)
    __user_initial_stackheap                 0x080002d5   Thumb Code     0  startup_stm32g474xx.o(.text)
    __aeabi_uldivmod                         0x080002f9   Thumb Code     0  lludivv7m.o(.text)
    _ll_udiv                                 0x080002f9   Thumb Code   238  lludivv7m.o(.text)
    __aeabi_memclr4                          0x080003e7   Thumb Code     0  rt_memclr_w.o(.text)
    __aeabi_memclr8                          0x080003e7   Thumb Code     0  rt_memclr_w.o(.text)
    __rt_memclr_w                            0x080003e7   Thumb Code    78  rt_memclr_w.o(.text)
    _memset_w                                0x080003eb   Thumb Code     0  rt_memclr_w.o(.text)
    __use_two_region_memory                  0x08000435   Thumb Code     2  heapauxi.o(.text)
    __rt_heap_escrow$2region                 0x08000437   Thumb Code     2  heapauxi.o(.text)
    __rt_heap_expand$2region                 0x08000439   Thumb Code     2  heapauxi.o(.text)
    __user_libspace                          0x0800043d   Thumb Code     8  libspace.o(.text)
    __user_perproc_libspace                  0x0800043d   Thumb Code     0  libspace.o(.text)
    __user_perthread_libspace                0x0800043d   Thumb Code     0  libspace.o(.text)
    __user_setup_stackheap                   0x08000445   Thumb Code    74  sys_stackheap_outer.o(.text)
    exit                                     0x0800048f   Thumb Code    12  exit.o(.text)
    _sys_exit                                0x0800049d   Thumb Code     8  sys_exit.o(.text)
    __I$use$semihosting                      0x080004a9   Thumb Code     0  use_no_semi.o(.text)
    __use_no_semihosting_swi                 0x080004a9   Thumb Code     2  use_no_semi.o(.text)
    BusFault_Handler                         0x080004ab   Thumb Code     2  stm32g4xx_it.o(i.BusFault_Handler)
    __semihosting_library_function           0x080004ab   Thumb Code     0  indicate_semi.o(.text)
    DebugMon_Handler                         0x080004ad   Thumb Code     2  stm32g4xx_it.o(i.DebugMon_Handler)
    Error_Handler                            0x080004af   Thumb Code     4  main.o(i.Error_Handler)
    HAL_DMA_Abort                            0x080004b3   Thumb Code   106  stm32g4xx_hal_dma.o(i.HAL_DMA_Abort)
    HAL_DMA_Abort_IT                         0x0800051d   Thumb Code   120  stm32g4xx_hal_dma.o(i.HAL_DMA_Abort_IT)
    HAL_GPIO_Init                            0x08000595   Thumb Code   550  stm32g4xx_hal_gpio.o(i.HAL_GPIO_Init)
    HAL_GPIO_ReadPin                         0x080007dd   Thumb Code    10  stm32g4xx_hal_gpio.o(i.HAL_GPIO_ReadPin)
    HAL_GPIO_WritePin                        0x080007e7   Thumb Code    10  stm32g4xx_hal_gpio.o(i.HAL_GPIO_WritePin)
    HAL_GetTick                              0x080007f1   Thumb Code     6  stm32g4xx_hal.o(i.HAL_GetTick)
    HAL_IncTick                              0x080007fd   Thumb Code    12  stm32g4xx_hal.o(i.HAL_IncTick)
    HAL_Init                                 0x0800080d   Thumb Code    30  stm32g4xx_hal.o(i.HAL_Init)
    HAL_InitTick                             0x0800082d   Thumb Code    58  stm32g4xx_hal.o(i.HAL_InitTick)
    HAL_MspInit                              0x08000871   Thumb Code    42  stm32g4xx_hal_msp.o(i.HAL_MspInit)
    HAL_NVIC_EnableIRQ                       0x080008a1   Thumb Code    26  stm32g4xx_hal_cortex.o(i.HAL_NVIC_EnableIRQ)
    HAL_NVIC_SetPriority                     0x080008bd   Thumb Code    60  stm32g4xx_hal_cortex.o(i.HAL_NVIC_SetPriority)
    HAL_NVIC_SetPriorityGrouping             0x080008fd   Thumb Code    26  stm32g4xx_hal_cortex.o(i.HAL_NVIC_SetPriorityGrouping)
    HAL_PWREx_ControlVoltageScaling          0x08000921   Thumb Code   174  stm32g4xx_hal_pwr_ex.o(i.HAL_PWREx_ControlVoltageScaling)
    HAL_PWREx_DisableUCPDDeadBattery         0x080009dd   Thumb Code    12  stm32g4xx_hal_pwr_ex.o(i.HAL_PWREx_DisableUCPDDeadBattery)
    HAL_RCCEx_PeriphCLKConfig                0x080009ed   Thumb Code   758  stm32g4xx_hal_rcc_ex.o(i.HAL_RCCEx_PeriphCLKConfig)
    HAL_RCC_ClockConfig                      0x08000ced   Thumb Code   444  stm32g4xx_hal_rcc.o(i.HAL_RCC_ClockConfig)
    HAL_RCC_GetPCLK1Freq                     0x08000ec9   Thumb Code    24  stm32g4xx_hal_rcc.o(i.HAL_RCC_GetPCLK1Freq)
    HAL_RCC_GetPCLK2Freq                     0x08000eed   Thumb Code    24  stm32g4xx_hal_rcc.o(i.HAL_RCC_GetPCLK2Freq)
    HAL_RCC_GetSysClockFreq                  0x08000f11   Thumb Code    98  stm32g4xx_hal_rcc.o(i.HAL_RCC_GetSysClockFreq)
    HAL_RCC_OscConfig                        0x08000f81   Thumb Code  1036  stm32g4xx_hal_rcc.o(i.HAL_RCC_OscConfig)
    HAL_SYSTICK_CLKSourceConfig              0x0800138d   Thumb Code    24  stm32g4xx_hal_cortex.o(i.HAL_SYSTICK_CLKSourceConfig)
    HAL_SYSTICK_Config                       0x080013a5   Thumb Code    40  stm32g4xx_hal_cortex.o(i.HAL_SYSTICK_Config)
    HAL_UARTEx_DisableFifoMode               0x080013cd   Thumb Code    62  stm32g4xx_hal_uart_ex.o(i.HAL_UARTEx_DisableFifoMode)
    HAL_UARTEx_RxEventCallback               0x0800140b   Thumb Code     2  stm32g4xx_hal_uart.o(i.HAL_UARTEx_RxEventCallback)
    HAL_UARTEx_RxFifoFullCallback            0x0800140d   Thumb Code     2  stm32g4xx_hal_uart_ex.o(i.HAL_UARTEx_RxFifoFullCallback)
    HAL_UARTEx_SetRxFifoThreshold            0x0800140f   Thumb Code    76  stm32g4xx_hal_uart_ex.o(i.HAL_UARTEx_SetRxFifoThreshold)
    HAL_UARTEx_SetTxFifoThreshold            0x0800145b   Thumb Code    76  stm32g4xx_hal_uart_ex.o(i.HAL_UARTEx_SetTxFifoThreshold)
    HAL_UARTEx_TxFifoEmptyCallback           0x080014a7   Thumb Code     2  stm32g4xx_hal_uart_ex.o(i.HAL_UARTEx_TxFifoEmptyCallback)
    HAL_UARTEx_WakeupCallback                0x080014a9   Thumb Code     2  stm32g4xx_hal_uart_ex.o(i.HAL_UARTEx_WakeupCallback)
    HAL_UART_ErrorCallback                   0x080014ab   Thumb Code     2  stm32g4xx_hal_uart.o(i.HAL_UART_ErrorCallback)
    HAL_UART_IRQHandler                      0x080014ad   Thumb Code   722  stm32g4xx_hal_uart.o(i.HAL_UART_IRQHandler)
    HAL_UART_Init                            0x0800178d   Thumb Code   106  stm32g4xx_hal_uart.o(i.HAL_UART_Init)
    HAL_UART_MspInit                         0x080017f9   Thumb Code   128  usart.o(i.HAL_UART_MspInit)
    HAL_UART_TxCpltCallback                  0x08001885   Thumb Code     2  stm32g4xx_hal_uart.o(i.HAL_UART_TxCpltCallback)
    HardFault_Handler                        0x08001887   Thumb Code     2  stm32g4xx_it.o(i.HardFault_Handler)
    I2C_WriteByte                            0x08001889   Thumb Code    48  oled_i2c.o(i.I2C_WriteByte)
    IIC_Init                                 0x080018b9   Thumb Code    28  myiic.o(i.IIC_Init)
    IIC_Send_Byte                            0x080018d9   Thumb Code   116  myiic.o(i.IIC_Send_Byte)
    IIC_Start                                0x08001951   Thumb Code    80  myiic.o(i.IIC_Start)
    IIC_Stop                                 0x080019a5   Thumb Code    82  myiic.o(i.IIC_Stop)
    IIC_Wait_Ack                             0x080019fd   Thumb Code   102  myiic.o(i.IIC_Wait_Ack)
    MX_GPIO_Init                             0x08001a69   Thumb Code   178  gpio.o(i.MX_GPIO_Init)
    MX_USART1_UART_Init                      0x08001b25   Thumb Code    94  usart.o(i.MX_USART1_UART_Init)
    MemManage_Handler                        0x08001b8d   Thumb Code     2  stm32g4xx_it.o(i.MemManage_Handler)
    MyUSART1_IRQHandler                      0x08001b91   Thumb Code    40  myusart1.o(i.MyUSART1_IRQHandler)
    MyUSART1_Init                            0x08001bc5   Thumb Code    16  myusart1.o(i.MyUSART1_Init)
    NMI_Handler                              0x08001bd9   Thumb Code     2  stm32g4xx_it.o(i.NMI_Handler)
    OLED_CLS                                 0x08001bdb   Thumb Code     6  oled_i2c.o(i.OLED_CLS)
    OLED_Fill                                0x08001be1   Thumb Code    56  oled_i2c.o(i.OLED_Fill)
    OLED_Init                                0x08001c19   Thumb Code   194  oled_i2c.o(i.OLED_Init)
    PE4302_Init                              0x08001ce1   Thumb Code   152  pe4302.o(i.PE4302_Init)
    PE4302_Set                               0x08001d81   Thumb Code   232  pe4302.o(i.PE4302_Set)
    PendSV_Handler                           0x08001e85   Thumb Code     2  stm32g4xx_it.o(i.PendSV_Handler)
    SVC_Handler                              0x08001e87   Thumb Code     2  stm32g4xx_it.o(i.SVC_Handler)
    SysTick_Handler                          0x08001e89   Thumb Code     4  stm32g4xx_it.o(i.SysTick_Handler)
    SystemClock_Config                       0x08001e8d   Thumb Code   102  main.o(i.SystemClock_Config)
    SystemInit                               0x08001ef5   Thumb Code    12  system_stm32g4xx.o(i.SystemInit)
    UART_AdvFeatureConfig                    0x08001f49   Thumb Code   200  stm32g4xx_hal_uart.o(i.UART_AdvFeatureConfig)
    UART_CheckIdleState                      0x08002011   Thumb Code    96  stm32g4xx_hal_uart.o(i.UART_CheckIdleState)
    UART_SetConfig                           0x080020d9   Thumb Code   614  stm32g4xx_hal_uart.o(i.UART_SetConfig)
    UART_WaitOnFlagUntilTimeout              0x08002371   Thumb Code   198  stm32g4xx_hal_uart.o(i.UART_WaitOnFlagUntilTimeout)
    USART1_IRQHandler                        0x08002439   Thumb Code    18  stm32g4xx_it.o(i.USART1_IRQHandler)
    UsageFault_Handler                       0x08002455   Thumb Code     2  stm32g4xx_it.o(i.UsageFault_Handler)
    WriteCmd                                 0x08002457   Thumb Code     8  oled_i2c.o(i.WriteCmd)
    WriteDat                                 0x0800245f   Thumb Code     8  oled_i2c.o(i.WriteDat)
    delay_init                               0x08002489   Thumb Code    16  delay.o(i.delay_init)
    delay_ms                                 0x0800249d   Thumb Code    10  delay.o(i.delay_ms)
    delay_us                                 0x080024a9   Thumb Code    48  delay.o(i.delay_us)
    main                                     0x080024dd   Thumb Code    58  main.o(i.main)
    __aeabi_d2f                              0x0800251d   Thumb Code     0  d2f.o(x$fpl$d2f)
    _d2f                                     0x0800251d   Thumb Code    98  d2f.o(x$fpl$d2f)
    __aeabi_dadd                             0x08002581   Thumb Code     0  daddsub_clz.o(x$fpl$dadd)
    _dadd                                    0x08002581   Thumb Code   332  daddsub_clz.o(x$fpl$dadd)
    __aeabi_d2uiz                            0x080026d1   Thumb Code     0  dfixu.o(x$fpl$dfixu)
    _dfixu                                   0x080026d1   Thumb Code    90  dfixu.o(x$fpl$dfixu)
    __fpl_dnaninf                            0x0800272b   Thumb Code   156  dnaninf.o(x$fpl$dnaninf)
    __fpl_dretinf                            0x080027c7   Thumb Code    12  dretinf.o(x$fpl$dretinf)
    __aeabi_dsub                             0x080027d5   Thumb Code     0  daddsub_clz.o(x$fpl$dsub)
    _dsub                                    0x080027d5   Thumb Code   464  daddsub_clz.o(x$fpl$dsub)
    __aeabi_f2d                              0x080029a9   Thumb Code     0  f2d.o(x$fpl$f2d)
    _f2d                                     0x080029a9   Thumb Code    86  f2d.o(x$fpl$f2d)
    __fpl_fnaninf                            0x080029ff   Thumb Code   140  fnaninf.o(x$fpl$fnaninf)
    _fp_init                                 0x08002a8b   Thumb Code    10  fpinit.o(x$fpl$fpinit)
    __fplib_config_fpu_vfp                   0x08002a93   Thumb Code     0  fpinit.o(x$fpl$fpinit)
    __fplib_config_pureend_doubles           0x08002a93   Thumb Code     0  fpinit.o(x$fpl$fpinit)
    __fpl_fretinf                            0x08002a95   Thumb Code    10  fretinf.o(x$fpl$fretinf)
    UARTPrescTable                           0x08002a9e   Data          24  stm32g4xx_hal_uart.o(.constdata)
    __I$use$fp                               0x08002a9e   Number         0  usenofp.o(x$fpl$usenofp)
    AHBPrescTable                            0x08002ac6   Data          16  system_stm32g4xx.o(.constdata)
    APBPrescTable                            0x08002ad6   Data           8  system_stm32g4xx.o(.constdata)
    Region$$Table$$Base                      0x08002ae0   Number         0  anon$$obj.o(Region$$Table)
    Region$$Table$$Limit                     0x08002b00   Number         0  anon$$obj.o(Region$$Table)
    uwTickPrio                               0x20000000   Data           4  stm32g4xx_hal.o(.data)
    uwTickFreq                               0x20000004   Data           4  stm32g4xx_hal.o(.data)
    uwTick                                   0x20000008   Data           4  stm32g4xx_hal.o(.data)
    SystemCoreClock                          0x2000000c   Data           4  system_stm32g4xx.o(.data)
    RevState                                 0x20000012   Data           1  oled_i2c.o(.data)
    brightness                               0x20000013   Data           1  oled_i2c.o(.data)
    isScrolling                              0x20000014   Data           1  oled_i2c.o(.data)
    F16x16                                   0x20000015   Data         544  oled_i2c.o(.data)
    MyUSART1_bufferOverflowFlag              0x20000238   Data           1  myusart1.o(.data)
    MyUSART1_bufferPos                       0x2000023c   Data           4  myusart1.o(.data)
    MyUSART1_dummyHandle                     0x20000240   Data           4  myusart1.o(.data)
    huart1                                   0x20000244   Data         144  usart.o(.bss)
    MyUSART1_buffer                          0x200002d4   Data         100  myusart1.o(.bss)
    __libspace_start                         0x20000338   Data          96  libspace.o(.bss)
    __temporary_stack_top$libspace           0x20000398   Data           0  libspace.o(.bss)



==============================================================================

Memory Map of the image

  Image Entry point : 0x080001d9

  Load Region LR_IROM1 (Base: 0x08000000, Size: 0x00002d44, Max: 0x00080000, ABSOLUTE, COMPRESSED[0x00002cbc])

    Execution Region ER_IROM1 (Exec base: 0x08000000, Load base: 0x08000000, Size: 0x00002b00, Max: 0x00080000, ABSOLUTE)

    Exec Addr    Load Addr    Size         Type   Attr      Idx    E Section Name        Object

    0x08000000   0x08000000   0x000001d8   Data   RO            3    RESET               startup_stm32g474xx.o
    0x080001d8   0x080001d8   0x00000008   Code   RO         3048  * !!!main             c_w.l(__main.o)
    0x080001e0   0x080001e0   0x00000034   Code   RO         3293    !!!scatter          c_w.l(__scatter.o)
    0x08000214   0x08000214   0x0000005a   Code   RO         3291    !!dczerorl2         c_w.l(__dczerorl2.o)
    0x0800026e   0x0800026e   0x00000002   PAD
    0x08000270   0x08000270   0x0000001c   Code   RO         3295    !!handler_zi        c_w.l(__scatter_zi.o)
    0x0800028c   0x0800028c   0x00000002   Code   RO         3165    .ARM.Collect$$libinit$$00000000  c_w.l(libinit.o)
    0x0800028e   0x0800028e   0x00000004   Code   RO         3166    .ARM.Collect$$libinit$$00000001  c_w.l(libinit2.o)
    0x08000292   0x08000292   0x00000000   Code   RO         3169    .ARM.Collect$$libinit$$00000004  c_w.l(libinit2.o)
    0x08000292   0x08000292   0x00000000   Code   RO         3172    .ARM.Collect$$libinit$$0000000A  c_w.l(libinit2.o)
    0x08000292   0x08000292   0x00000000   Code   RO         3174    .ARM.Collect$$libinit$$0000000C  c_w.l(libinit2.o)
    0x08000292   0x08000292   0x00000000   Code   RO         3176    .ARM.Collect$$libinit$$0000000E  c_w.l(libinit2.o)
    0x08000292   0x08000292   0x00000000   Code   RO         3179    .ARM.Collect$$libinit$$00000011  c_w.l(libinit2.o)
    0x08000292   0x08000292   0x00000000   Code   RO         3181    .ARM.Collect$$libinit$$00000013  c_w.l(libinit2.o)
    0x08000292   0x08000292   0x00000000   Code   RO         3183    .ARM.Collect$$libinit$$00000015  c_w.l(libinit2.o)
    0x08000292   0x08000292   0x00000000   Code   RO         3185    .ARM.Collect$$libinit$$00000017  c_w.l(libinit2.o)
    0x08000292   0x08000292   0x00000000   Code   RO         3187    .ARM.Collect$$libinit$$00000019  c_w.l(libinit2.o)
    0x08000292   0x08000292   0x00000000   Code   RO         3189    .ARM.Collect$$libinit$$0000001B  c_w.l(libinit2.o)
    0x08000292   0x08000292   0x00000000   Code   RO         3191    .ARM.Collect$$libinit$$0000001D  c_w.l(libinit2.o)
    0x08000292   0x08000292   0x00000000   Code   RO         3193    .ARM.Collect$$libinit$$0000001F  c_w.l(libinit2.o)
    0x08000292   0x08000292   0x00000000   Code   RO         3195    .ARM.Collect$$libinit$$00000021  c_w.l(libinit2.o)
    0x08000292   0x08000292   0x00000000   Code   RO         3197    .ARM.Collect$$libinit$$00000023  c_w.l(libinit2.o)
    0x08000292   0x08000292   0x00000000   Code   RO         3199    .ARM.Collect$$libinit$$00000025  c_w.l(libinit2.o)
    0x08000292   0x08000292   0x00000000   Code   RO         3203    .ARM.Collect$$libinit$$0000002C  c_w.l(libinit2.o)
    0x08000292   0x08000292   0x00000000   Code   RO         3205    .ARM.Collect$$libinit$$0000002E  c_w.l(libinit2.o)
    0x08000292   0x08000292   0x00000000   Code   RO         3207    .ARM.Collect$$libinit$$00000030  c_w.l(libinit2.o)
    0x08000292   0x08000292   0x00000000   Code   RO         3209    .ARM.Collect$$libinit$$00000032  c_w.l(libinit2.o)
    0x08000292   0x08000292   0x00000002   Code   RO         3210    .ARM.Collect$$libinit$$00000033  c_w.l(libinit2.o)
    0x08000294   0x08000294   0x00000002   Code   RO         3257    .ARM.Collect$$libshutdown$$00000000  c_w.l(libshutdown.o)
    0x08000296   0x08000296   0x00000000   Code   RO         3276    .ARM.Collect$$libshutdown$$00000003  c_w.l(libshutdown2.o)
    0x08000296   0x08000296   0x00000000   Code   RO         3279    .ARM.Collect$$libshutdown$$00000006  c_w.l(libshutdown2.o)
    0x08000296   0x08000296   0x00000000   Code   RO         3282    .ARM.Collect$$libshutdown$$00000009  c_w.l(libshutdown2.o)
    0x08000296   0x08000296   0x00000000   Code   RO         3284    .ARM.Collect$$libshutdown$$0000000B  c_w.l(libshutdown2.o)
    0x08000296   0x08000296   0x00000000   Code   RO         3287    .ARM.Collect$$libshutdown$$0000000E  c_w.l(libshutdown2.o)
    0x08000296   0x08000296   0x00000002   Code   RO         3288    .ARM.Collect$$libshutdown$$0000000F  c_w.l(libshutdown2.o)
    0x08000298   0x08000298   0x00000000   Code   RO         3066    .ARM.Collect$$rtentry$$00000000  c_w.l(__rtentry.o)
    0x08000298   0x08000298   0x00000000   Code   RO         3088    .ARM.Collect$$rtentry$$00000002  c_w.l(__rtentry2.o)
    0x08000298   0x08000298   0x00000006   Code   RO         3100    .ARM.Collect$$rtentry$$00000004  c_w.l(__rtentry4.o)
    0x0800029e   0x0800029e   0x00000000   Code   RO         3090    .ARM.Collect$$rtentry$$00000009  c_w.l(__rtentry2.o)
    0x0800029e   0x0800029e   0x00000004   Code   RO         3091    .ARM.Collect$$rtentry$$0000000A  c_w.l(__rtentry2.o)
    0x080002a2   0x080002a2   0x00000000   Code   RO         3093    .ARM.Collect$$rtentry$$0000000C  c_w.l(__rtentry2.o)
    0x080002a2   0x080002a2   0x00000008   Code   RO         3094    .ARM.Collect$$rtentry$$0000000D  c_w.l(__rtentry2.o)
    0x080002aa   0x080002aa   0x00000002   Code   RO         3211    .ARM.Collect$$rtexit$$00000000  c_w.l(rtexit.o)
    0x080002ac   0x080002ac   0x00000000   Code   RO         3226    .ARM.Collect$$rtexit$$00000002  c_w.l(rtexit2.o)
    0x080002ac   0x080002ac   0x00000004   Code   RO         3227    .ARM.Collect$$rtexit$$00000003  c_w.l(rtexit2.o)
    0x080002b0   0x080002b0   0x00000006   Code   RO         3228    .ARM.Collect$$rtexit$$00000004  c_w.l(rtexit2.o)
    0x080002b6   0x080002b6   0x00000002   PAD
    0x080002b8   0x080002b8   0x00000040   Code   RO            4    .text               startup_stm32g474xx.o
    0x080002f8   0x080002f8   0x000000ee   Code   RO         3012    .text               c_w.l(lludivv7m.o)
    0x080003e6   0x080003e6   0x0000004e   Code   RO         3044    .text               c_w.l(rt_memclr_w.o)
    0x08000434   0x08000434   0x00000006   Code   RO         3046    .text               c_w.l(heapauxi.o)
    0x0800043a   0x0800043a   0x00000002   PAD
    0x0800043c   0x0800043c   0x00000008   Code   RO         3147    .text               c_w.l(libspace.o)
    0x08000444   0x08000444   0x0000004a   Code   RO         3150    .text               c_w.l(sys_stackheap_outer.o)
    0x0800048e   0x0800048e   0x0000000c   Code   RO         3152    .text               c_w.l(exit.o)
    0x0800049a   0x0800049a   0x00000002   PAD
    0x0800049c   0x0800049c   0x0000000c   Code   RO         3223    .text               c_w.l(sys_exit.o)
    0x080004a8   0x080004a8   0x00000002   Code   RO         3244    .text               c_w.l(use_no_semi.o)
    0x080004aa   0x080004aa   0x00000000   Code   RO         3246    .text               c_w.l(indicate_semi.o)
    0x080004aa   0x080004aa   0x00000002   Code   RO          327    i.BusFault_Handler  stm32g4xx_it.o
    0x080004ac   0x080004ac   0x00000002   Code   RO          328    i.DebugMon_Handler  stm32g4xx_it.o
    0x080004ae   0x080004ae   0x00000004   Code   RO           13    i.Error_Handler     main.o
    0x080004b2   0x080004b2   0x0000006a   Code   RO         2099    i.HAL_DMA_Abort     stm32g4xx_hal_dma.o
    0x0800051c   0x0800051c   0x00000078   Code   RO         2100    i.HAL_DMA_Abort_IT  stm32g4xx_hal_dma.o
    0x08000594   0x08000594   0x00000248   Code   RO         1961    i.HAL_GPIO_Init     stm32g4xx_hal_gpio.o
    0x080007dc   0x080007dc   0x0000000a   Code   RO         1963    i.HAL_GPIO_ReadPin  stm32g4xx_hal_gpio.o
    0x080007e6   0x080007e6   0x0000000a   Code   RO         1965    i.HAL_GPIO_WritePin  stm32g4xx_hal_gpio.o
    0x080007f0   0x080007f0   0x0000000c   Code   RO         1258    i.HAL_GetTick       stm32g4xx_hal.o
    0x080007fc   0x080007fc   0x00000010   Code   RO         1261    i.HAL_IncTick       stm32g4xx_hal.o
    0x0800080c   0x0800080c   0x0000001e   Code   RO         1262    i.HAL_Init          stm32g4xx_hal.o
    0x0800082a   0x0800082a   0x00000002   PAD
    0x0800082c   0x0800082c   0x00000044   Code   RO         1263    i.HAL_InitTick      stm32g4xx_hal.o
    0x08000870   0x08000870   0x00000030   Code   RO          415    i.HAL_MspInit       stm32g4xx_hal_msp.o
    0x080008a0   0x080008a0   0x0000001a   Code   RO         2368    i.HAL_NVIC_EnableIRQ  stm32g4xx_hal_cortex.o
    0x080008ba   0x080008ba   0x00000002   PAD
    0x080008bc   0x080008bc   0x00000040   Code   RO         2374    i.HAL_NVIC_SetPriority  stm32g4xx_hal_cortex.o
    0x080008fc   0x080008fc   0x00000024   Code   RO         2375    i.HAL_NVIC_SetPriorityGrouping  stm32g4xx_hal_cortex.o
    0x08000920   0x08000920   0x000000bc   Code   RO          476    i.HAL_PWREx_ControlVoltageScaling  stm32g4xx_hal_pwr_ex.o
    0x080009dc   0x080009dc   0x00000010   Code   RO          488    i.HAL_PWREx_DisableUCPDDeadBattery  stm32g4xx_hal_pwr_ex.o
    0x080009ec   0x080009ec   0x00000300   Code   RO         1607    i.HAL_RCCEx_PeriphCLKConfig  stm32g4xx_hal_rcc_ex.o
    0x08000cec   0x08000cec   0x000001dc   Code   RO         1482    i.HAL_RCC_ClockConfig  stm32g4xx_hal_rcc.o
    0x08000ec8   0x08000ec8   0x00000024   Code   RO         1490    i.HAL_RCC_GetPCLK1Freq  stm32g4xx_hal_rcc.o
    0x08000eec   0x08000eec   0x00000024   Code   RO         1491    i.HAL_RCC_GetPCLK2Freq  stm32g4xx_hal_rcc.o
    0x08000f10   0x08000f10   0x00000070   Code   RO         1492    i.HAL_RCC_GetSysClockFreq  stm32g4xx_hal_rcc.o
    0x08000f80   0x08000f80   0x0000040c   Code   RO         1495    i.HAL_RCC_OscConfig  stm32g4xx_hal_rcc.o
    0x0800138c   0x0800138c   0x00000018   Code   RO         2377    i.HAL_SYSTICK_CLKSourceConfig  stm32g4xx_hal_cortex.o
    0x080013a4   0x080013a4   0x00000028   Code   RO         2379    i.HAL_SYSTICK_Config  stm32g4xx_hal_cortex.o
    0x080013cc   0x080013cc   0x0000003e   Code   RO         1135    i.HAL_UARTEx_DisableFifoMode  stm32g4xx_hal_uart_ex.o
    0x0800140a   0x0800140a   0x00000002   Code   RO          724    i.HAL_UARTEx_RxEventCallback  stm32g4xx_hal_uart.o
    0x0800140c   0x0800140c   0x00000002   Code   RO         1142    i.HAL_UARTEx_RxFifoFullCallback  stm32g4xx_hal_uart_ex.o
    0x0800140e   0x0800140e   0x0000004c   Code   RO         1143    i.HAL_UARTEx_SetRxFifoThreshold  stm32g4xx_hal_uart_ex.o
    0x0800145a   0x0800145a   0x0000004c   Code   RO         1144    i.HAL_UARTEx_SetTxFifoThreshold  stm32g4xx_hal_uart_ex.o
    0x080014a6   0x080014a6   0x00000002   Code   RO         1146    i.HAL_UARTEx_TxFifoEmptyCallback  stm32g4xx_hal_uart_ex.o
    0x080014a8   0x080014a8   0x00000002   Code   RO         1147    i.HAL_UARTEx_WakeupCallback  stm32g4xx_hal_uart_ex.o
    0x080014aa   0x080014aa   0x00000002   Code   RO          740    i.HAL_UART_ErrorCallback  stm32g4xx_hal_uart.o
    0x080014ac   0x080014ac   0x000002e0   Code   RO          743    i.HAL_UART_IRQHandler  stm32g4xx_hal_uart.o
    0x0800178c   0x0800178c   0x0000006a   Code   RO          744    i.HAL_UART_Init     stm32g4xx_hal_uart.o
    0x080017f6   0x080017f6   0x00000002   PAD
    0x080017f8   0x080017f8   0x0000008c   Code   RO          286    i.HAL_UART_MspInit  usart.o
    0x08001884   0x08001884   0x00000002   Code   RO          756    i.HAL_UART_TxCpltCallback  stm32g4xx_hal_uart.o
    0x08001886   0x08001886   0x00000002   Code   RO          329    i.HardFault_Handler  stm32g4xx_it.o
    0x08001888   0x08001888   0x00000030   Code   RO         2658    i.I2C_WriteByte     oled_i2c.o
    0x080018b8   0x080018b8   0x00000020   Code   RO         2590    i.IIC_Init          myiic.o
    0x080018d8   0x080018d8   0x00000078   Code   RO         2593    i.IIC_Send_Byte     myiic.o
    0x08001950   0x08001950   0x00000054   Code   RO         2594    i.IIC_Start         myiic.o
    0x080019a4   0x080019a4   0x00000058   Code   RO         2595    i.IIC_Stop          myiic.o
    0x080019fc   0x080019fc   0x0000006c   Code   RO         2596    i.IIC_Wait_Ack      myiic.o
    0x08001a68   0x08001a68   0x000000bc   Code   RO          169    i.MX_GPIO_Init      gpio.o
    0x08001b24   0x08001b24   0x00000068   Code   RO          287    i.MX_USART1_UART_Init  usart.o
    0x08001b8c   0x08001b8c   0x00000002   Code   RO          330    i.MemManage_Handler  stm32g4xx_it.o
    0x08001b8e   0x08001b8e   0x00000002   PAD
    0x08001b90   0x08001b90   0x00000034   Code   RO         2867    i.MyUSART1_IRQHandler  myusart1.o
    0x08001bc4   0x08001bc4   0x00000014   Code   RO         2868    i.MyUSART1_Init     myusart1.o
    0x08001bd8   0x08001bd8   0x00000002   Code   RO          331    i.NMI_Handler       stm32g4xx_it.o
    0x08001bda   0x08001bda   0x00000006   Code   RO         2659    i.OLED_CLS          oled_i2c.o
    0x08001be0   0x08001be0   0x00000038   Code   RO         2662    i.OLED_Fill         oled_i2c.o
    0x08001c18   0x08001c18   0x000000c8   Code   RO         2664    i.OLED_Init         oled_i2c.o
    0x08001ce0   0x08001ce0   0x000000a0   Code   RO         2830    i.PE4302_Init       pe4302.o
    0x08001d80   0x08001d80   0x00000104   Code   RO         2831    i.PE4302_Set        pe4302.o
    0x08001e84   0x08001e84   0x00000002   Code   RO          332    i.PendSV_Handler    stm32g4xx_it.o
    0x08001e86   0x08001e86   0x00000002   Code   RO          333    i.SVC_Handler       stm32g4xx_it.o
    0x08001e88   0x08001e88   0x00000004   Code   RO          334    i.SysTick_Handler   stm32g4xx_it.o
    0x08001e8c   0x08001e8c   0x00000066   Code   RO           14    i.SystemClock_Config  main.o
    0x08001ef2   0x08001ef2   0x00000002   PAD
    0x08001ef4   0x08001ef4   0x00000010   Code   RO         2499    i.SystemInit        system_stm32g4xx.o
    0x08001f04   0x08001f04   0x00000044   Code   RO         1148    i.UARTEx_SetNbDataToProcess  stm32g4xx_hal_uart_ex.o
    0x08001f48   0x08001f48   0x000000c8   Code   RO          758    i.UART_AdvFeatureConfig  stm32g4xx_hal_uart.o
    0x08002010   0x08002010   0x00000060   Code   RO          759    i.UART_CheckIdleState  stm32g4xx_hal_uart.o
    0x08002070   0x08002070   0x00000014   Code   RO          760    i.UART_DMAAbortOnError  stm32g4xx_hal_uart.o
    0x08002084   0x08002084   0x00000054   Code   RO          770    i.UART_EndRxTransfer  stm32g4xx_hal_uart.o
    0x080020d8   0x080020d8   0x00000298   Code   RO          776    i.UART_SetConfig    stm32g4xx_hal_uart.o
    0x08002370   0x08002370   0x000000c6   Code   RO          783    i.UART_WaitOnFlagUntilTimeout  stm32g4xx_hal_uart.o
    0x08002436   0x08002436   0x00000002   PAD
    0x08002438   0x08002438   0x0000001c   Code   RO          335    i.USART1_IRQHandler  stm32g4xx_it.o
    0x08002454   0x08002454   0x00000002   Code   RO          336    i.UsageFault_Handler  stm32g4xx_it.o
    0x08002456   0x08002456   0x00000008   Code   RO         2679    i.WriteCmd          oled_i2c.o
    0x0800245e   0x0800245e   0x00000008   Code   RO         2680    i.WriteDat          oled_i2c.o
    0x08002466   0x08002466   0x00000020   Code   RO         2381    i.__NVIC_SetPriority  stm32g4xx_hal_cortex.o
    0x08002486   0x08002486   0x00000002   PAD
    0x08002488   0x08002488   0x00000014   Code   RO         2537    i.delay_init        delay.o
    0x0800249c   0x0800249c   0x0000000a   Code   RO         2538    i.delay_ms          delay.o
    0x080024a6   0x080024a6   0x00000002   PAD
    0x080024a8   0x080024a8   0x00000034   Code   RO         2540    i.delay_us          delay.o
    0x080024dc   0x080024dc   0x00000040   Code   RO           15    i.main              main.o
    0x0800251c   0x0800251c   0x00000062   Code   RO         3050    x$fpl$d2f           fz_wm.l(d2f.o)
    0x0800257e   0x0800257e   0x00000002   PAD
    0x08002580   0x08002580   0x00000150   Code   RO         3052    x$fpl$dadd          fz_wm.l(daddsub_clz.o)
    0x080026d0   0x080026d0   0x0000005a   Code   RO         3058    x$fpl$dfixu         fz_wm.l(dfixu.o)
    0x0800272a   0x0800272a   0x0000009c   Code   RO         3078    x$fpl$dnaninf       fz_wm.l(dnaninf.o)
    0x080027c6   0x080027c6   0x0000000c   Code   RO         3080    x$fpl$dretinf       fz_wm.l(dretinf.o)
    0x080027d2   0x080027d2   0x00000002   PAD
    0x080027d4   0x080027d4   0x000001d4   Code   RO         3054    x$fpl$dsub          fz_wm.l(daddsub_clz.o)
    0x080029a8   0x080029a8   0x00000056   Code   RO         3062    x$fpl$f2d           fz_wm.l(f2d.o)
    0x080029fe   0x080029fe   0x0000008c   Code   RO         3082    x$fpl$fnaninf       fz_wm.l(fnaninf.o)
    0x08002a8a   0x08002a8a   0x0000000a   Code   RO         3221    x$fpl$fpinit        fz_wm.l(fpinit.o)
    0x08002a94   0x08002a94   0x0000000a   Code   RO         3084    x$fpl$fretinf       fz_wm.l(fretinf.o)
    0x08002a9e   0x08002a9e   0x00000000   Code   RO         3086    x$fpl$usenofp       fz_wm.l(usenofp.o)
    0x08002a9e   0x08002a9e   0x00000018   Data   RO          784    .constdata          stm32g4xx_hal_uart.o
    0x08002ab6   0x08002ab6   0x00000010   Data   RO         1149    .constdata          stm32g4xx_hal_uart_ex.o
    0x08002ac6   0x08002ac6   0x00000010   Data   RO         2500    .constdata          system_stm32g4xx.o
    0x08002ad6   0x08002ad6   0x00000008   Data   RO         2501    .constdata          system_stm32g4xx.o
    0x08002ade   0x08002ade   0x00000002   PAD
    0x08002ae0   0x08002ae0   0x00000020   Data   RO         3289    Region$$Table       anon$$obj.o


    Execution Region RW_IRAM1 (Exec base: 0x20000000, Load base: 0x08002b00, Size: 0x00000998, Max: 0x00020000, ABSOLUTE, COMPRESSED[0x000001bc])

    Exec Addr    Load Addr    Size         Type   Attr      Idx    E Section Name        Object

    0x20000000   COMPRESSED   0x0000000c   Data   RW         1282    .data               stm32g4xx_hal.o
    0x2000000c   COMPRESSED   0x00000004   Data   RW         2502    .data               system_stm32g4xx.o
    0x20000010   COMPRESSED   0x00000002   Data   RW         2541    .data               delay.o
    0x20000012   COMPRESSED   0x00000223   Data   RW         2683    .data               oled_i2c.o
    0x20000235   COMPRESSED   0x00000003   PAD
    0x20000238   COMPRESSED   0x0000000c   Data   RW         2885    .data               myusart1.o
    0x20000244        -       0x00000090   Zero   RW          288    .bss                usart.o
    0x200002d4        -       0x00000064   Zero   RW         2884    .bss                myusart1.o
    0x20000338        -       0x00000060   Zero   RW         3148    .bss                c_w.l(libspace.o)
    0x20000398        -       0x00000200   Zero   RW            2    HEAP                startup_stm32g474xx.o
    0x20000598        -       0x00000400   Zero   RW            1    STACK               startup_stm32g474xx.o


==============================================================================

Image component sizes


      Code (inc. data)   RO Data    RW Data    ZI Data      Debug   Object Name

        82          8          0          2          0       1731   delay.o
       188         10          0          0          0     798204   gpio.o
       170          6          0          0          0      81896   main.o
       432         24          0          0          0       2793   myiic.o
        72         16          0         12        100       3364   myusart1.o
       326          6          0        547          0       4685   oled_i2c.o
       420         36          0          0          0       1967   pe4302.o
        64         26        472          0       1536        844   startup_stm32g474xx.o
       126         20          0         12          0       3637   stm32g4xx_hal.o
       222         14          0          0          0      34073   stm32g4xx_hal_cortex.o
       226          0          0          0          0       1799   stm32g4xx_hal_dma.o
       604         34          0          0          0       2663   stm32g4xx_hal_gpio.o
        48          6          0          0          0        862   stm32g4xx_hal_msp.o
       204         18          0          0          0       1377   stm32g4xx_hal_pwr_ex.o
      1696         92          0          0          0       6028   stm32g4xx_hal_rcc.o
       768         10          0          0          0       1880   stm32g4xx_hal_rcc_ex.o
      2110         90         24          0          0      28312   stm32g4xx_hal_uart.o
       288          6         16          0          0       5122   stm32g4xx_hal_uart_ex.o
        48         10          0          0          0       4666   stm32g4xx_it.o
        16          4         24          4          0       1127   system_stm32g4xx.o
       244         22          0          0        144       1762   usart.o

    ----------------------------------------------------------------------
      8370        458        570        580       1780     988792   Object Totals
         0          0         32          0          0          0   (incl. Generated)
        16          0          2          3          0          0   (incl. Padding)

    ----------------------------------------------------------------------

      Code (inc. data)   RO Data    RW Data    ZI Data      Debug   Library Member Name

        90          0          0          0          0          0   __dczerorl2.o
         8          0          0          0          0         68   __main.o
         0          0          0          0          0          0   __rtentry.o
        12          0          0          0          0          0   __rtentry2.o
         6          0          0          0          0          0   __rtentry4.o
        52          8          0          0          0          0   __scatter.o
        28          0          0          0          0          0   __scatter_zi.o
        12          0          0          0          0         72   exit.o
         6          0          0          0          0        152   heapauxi.o
         0          0          0          0          0          0   indicate_semi.o
         2          0          0          0          0          0   libinit.o
         6          0          0          0          0          0   libinit2.o
         2          0          0          0          0          0   libshutdown.o
         2          0          0          0          0          0   libshutdown2.o
         8          4          0          0         96         68   libspace.o
       238          0          0          0          0        100   lludivv7m.o
        78          0          0          0          0         80   rt_memclr_w.o
         2          0          0          0          0          0   rtexit.o
        10          0          0          0          0          0   rtexit2.o
        12          4          0          0          0         68   sys_exit.o
        74          0          0          0          0         80   sys_stackheap_outer.o
         2          0          0          0          0         68   use_no_semi.o
        98          4          0          0          0        140   d2f.o
       804         16          0          0          0        368   daddsub_clz.o
        90          4          0          0          0        140   dfixu.o
       156          4          0          0          0        140   dnaninf.o
        12          0          0          0          0        116   dretinf.o
        86          4          0          0          0        132   f2d.o
       140          4          0          0          0        132   fnaninf.o
        10          0          0          0          0        116   fpinit.o
        10          0          0          0          0        116   fretinf.o
         0          0          0          0          0          0   usenofp.o

    ----------------------------------------------------------------------
      2068         52          0          0         96       2156   Library Totals
        12          0          0          0          0          0   (incl. Padding)

    ----------------------------------------------------------------------

      Code (inc. data)   RO Data    RW Data    ZI Data      Debug   Library Name

       650         16          0          0         96        756   c_w.l
      1406         36          0          0          0       1400   fz_wm.l

    ----------------------------------------------------------------------
      2068         52          0          0         96       2156   Library Totals

    ----------------------------------------------------------------------

==============================================================================


      Code (inc. data)   RO Data    RW Data    ZI Data      Debug   

     10438        510        570        580       1876     982688   Grand Totals
     10438        510        570        444       1876     982688   ELF Image Totals (compressed)
     10438        510        570        444          0          0   ROM Totals

==============================================================================

    Total RO  Size (Code + RO Data)                11008 (  10.75kB)
    Total RW  Size (RW Data + ZI Data)              2456 (   2.40kB)
    Total ROM Size (Code + RO Data + RW Data)      11452 (  11.18kB)

==============================================================================

